.version 2

.init
.proc init
0696:   3B0001310100209315AB7805980822DEF8F8189B0008030D0401220000000000                        door_aot_se             ID_AOT_0, SCE_DOOR, SAT_PL | SAT_MANUAL | SAT_FRONT, 1, 0, -27872, -21739, 1400, 2200, -8670, -1800, -25832, 2048, 3, 13, 4, 1, 34, 0, 0, 0, UNLOCKED, 0
06B6:   3B0101310100CCAA26939E11C805C301F8F8433180E303080001150200000000                        door_aot_se             ID_AOT_1, SCE_DOOR, SAT_PL | SAT_MANUAL | SAT_FRONT, 1, 0, -21812, -27866, 4510, 1480, 451, -1800, 12611, -7296, 3, 8, 0, 1, 21, 2, 0, 0, UNLOCKED, 0
06D6:   3B0201310000A8F6C6AC5406A609E698000080F86110030500000A0100000000                        door_aot_se             ID_AOT_2, SCE_DOOR, SAT_PL | SAT_MANUAL | SAT_FRONT, 0, 0, -2392, -21306, 1620, 2470, -26394, 0, -1920, 4193, 3, 5, 0, 0, 10, 1, 0, 0, UNLOCKED, 0
06F6:   0100                                                                                    evt_end                 0

.main
.proc main
070E:   06006C00                                                                                if                      0, off_077E
0712:   21010301                                                                                ck                      FG_STATUS, 3, 1
0716:   06001E00                                                                                if                      0, off_0738
071A:   23001B000804                                                                            cmp                     0, V_LAST_RDT, CMP_EQ, 1032
0720:   4400FF41000C011F00FFB3B1F8F8AB9E18F800000000                                            sce_em_set              0, ID_EM_255, ENEMY_ADA_WONG_1, 0, AI_04 | AI_08, 1, SBK_31, 0, 255, -20045, -1800, -24917, -2024, 0, 0
0736:   08                                                                                      endif
0737:   00                                                                                      nop

off_0738:
0738:   06001E00                                                                                if                      0, off_075A
073C:   23001B000504                                                                            cmp                     0, V_LAST_RDT, CMP_EQ, 1029
0742:   4400FF41000C001F00FF7BEF000013AF040000000000                                            sce_em_set              0, ID_EM_255, ENEMY_ADA_WONG_1, 0, AI_04 | AI_08, 0, SBK_31, 0, 255, -4229, 0, -20717, 4, 0, 0
0758:   08                                                                                      endif
0759:   00                                                                                      nop

off_075A:
075A:   06001E00                                                                                if                      0, off_077C
075E:   23001B000D04                                                                            cmp                     0, V_LAST_RDT, CMP_EQ, 1037
0764:   4400FF41000C001F00FF23A20000C3B3040000000000                                            sce_em_set              0, ID_EM_255, ENEMY_ADA_WONG_1, 0, AI_04 | AI_08, 0, SBK_31, 0, 255, -24029, 0, -19517, 4, 0, 0
077A:   08                                                                                      endif
077B:   00                                                                                      nop

off_077C:
077C:   08                                                                                      endif
077D:   00                                                                                      nop

off_077E:
077E:   1802                                                                                    gosub                   main_02
0780:   1803                                                                                    gosub                   main_03
0782:   0100                                                                                    evt_end                 0

.proc aot
0784:   1804                                                                                    gosub                   main_04
0786:   0100                                                                                    evt_end                 0

.proc main_02
0788:   4400002543000110001D7FE5E0E3B3AC000800000000                                            sce_em_set              0, ID_EM_0, ENEMY_SPIDER, 67, AI_DEFAULT, 1, SBK_16, 0, 29, -6785, -7200, -21325, 2048, 0, 0
079E:   4400012543000110001E7FB3E0E3C7B1000800000000                                            sce_em_set              0, ID_EM_1, ENEMY_SPIDER, 67, AI_DEFAULT, 1, SBK_16, 0, 30, -19585, -7200, -20025, 2048, 0, 0
07B4:   0100                                                                                    evt_end                 0

.proc main_03
07B6:   5D02                                                                                    mizu_div_set            2
07B8:   22042000                                                                                set                     FG_COMMON, 32, 0
07BC:   2C03074F0000B89DC6A33A5CCC1560FA00000000                                                aot_set                 ID_AOT_3, SCE_WATER, SAT_PL | SAT_EM | SAT_SPL | SAT_OB | SAT_UNDER, 0, 0, -25160, -23610, 23610, 5580, 96, 250, 0, 0, 0, 0
07D0:   2C0405310000CAA448B8AA050E06FF0018050000                                                aot_set                 ID_AOT_4, SCE_EVENT, SAT_PL | SAT_MANUAL | SAT_FRONT, 0, 0, -23350, -18360, 1450, 1550, 255, 0, I_GOSUB, main_05, 0, 0
07E4:   2C0506210000CAA448B8AA050E060A0048000100                                                aot_set                 ID_AOT_5, SCE_FLAG_CHG, SAT_PL | SAT_FRONT, 0, 0, -23350, -18360, 1450, 1550, 10, 0, ITEM_EAGLEMEDAL, 0, aot, 0
07F8:   2C0606210000CAA448B8AA050E060A0049000100                                                aot_set                 ID_AOT_6, SCE_FLAG_CHG, SAT_PL | SAT_FRONT, 0, 0, -23350, -18360, 1450, 1550, 10, 0, ITEM_WOLFMEDAL, 0, aot, 0
080C:   2C0704310000369DEEA33809121604000000FFFF                                                aot_set                 ID_AOT_7, SCE_MESSAGE, SAT_PL | SAT_MANUAL | SAT_FRONT, 0, 0, -25290, -23570, 2360, 5650, ID_MSG_4, 0, 0, 0, 255, 255
0820:   2D0100000000000000000A0010003AA324AF60BE000400000000000000000000000000000000            obj_model_set           ID_OBJ_1, 0, 0, 0, 0, 0, 0, 10, 16, -23750, -20700, -16800, 1024, 0, 0, 0, 0, 0, 0, 0, 0, 0, 0
0846:   2D0200000000000000000A0010002AC724AF4CEB000400000000000000000000000000000000            obj_model_set           ID_OBJ_2, 0, 0, 0, 0, 0, 0, 10, 16, -14550, -20700, -5300, 1024, 0, 0, 0, 0, 0, 0, 0, 0, 0, 0
086C:   06003000                                                                                if                      0, off_08A0
0870:   21047601                                                                                ck                      FG_COMMON, 118, 1
0874:   370A0000                                                                                sca_id_set              10, 0, 0
0878:   46030041000000000000                                                                    aot_reset               ID_AOT_3, SCE_AUTO, SAT_PL | SAT_UNDER, 0, 0, 0, 0, 0, 0
0882:   46070041000000000000                                                                    aot_reset               ID_AOT_7, SCE_AUTO, SAT_PL | SAT_UNDER, 0, 0, 0, 0, 0, 0
088C:   6403160C0000000954AC44F8A2B80000                                                        sce_espr_on2            3, 22, 12, 0, 0, 0, 9, 84, 172, 68, 248, 162, 184, 0, 0
089C:   07004C00                                                                                else                    0, off_08E8

off_08A0:
08A0:   2D0001820407000008000A001A00D69C60FAB4B9000000040000000000000000000000000000            obj_model_set           ID_OBJ_0, 1, 130, 4, 7, 0, 8, 10, 26, -25386, -1440, -17996, 0, 1024, 0, 0, 0, 0, 0, 0, 0, 0, 0
08C6:   64021604000000096AAB44F8A2B80000                                                        sce_espr_on2            2, 22, 4, 0, 0, 0, 9, 106, 171, 68, 248, 162, 184, 0, 0
08D6:   640128000000001BC89C44E4B4B00000                                                        sce_espr_on2            1, 40, 0, 0, 0, 0, 27, 200, 156, 68, 228, 180, 176, 0, 0
08E6:   00                                                                                      nop
08E7:   00                                                                                      nop

off_08E8:
08E8:   0100                                                                                    evt_end                 0

.proc main_04
08EA:   06000E00                                                                                if                      0, off_08FC
08EE:   230002004800                                                                            cmp                     0, V_USED_ITEM, CMP_EQ, 72
08F4:   6248                                                                                    sce_item_lost           ITEM_EAGLEMEDAL
08F6:   04FF1806                                                                                evt_exec                255, I_GOSUB, main_06
08FA:   08                                                                                      endif
08FB:   00                                                                                      nop

off_08FC:
08FC:   06000E00                                                                                if                      0, off_090E
0900:   230002004900                                                                            cmp                     0, V_USED_ITEM, CMP_EQ, 73
0906:   6249                                                                                    sce_item_lost           ITEM_WOLFMEDAL
0908:   04FF1807                                                                                evt_exec                255, I_GOSUB, main_07
090C:   08                                                                                      endif
090D:   00                                                                                      nop

off_090E:
090E:   06000C00                                                                                if                      0, off_091E
0912:   21047501                                                                                ck                      FG_COMMON, 117, 1
0916:   220D0201                                                                                set                     FG_PBF00, 2, 1
091A:   07000A00                                                                                else                    0, off_0924

off_091E:
091E:   220D0200                                                                                set                     FG_PBF00, 2, 0
0922:   00                                                                                      nop
0923:   00                                                                                      nop

off_0924:
0924:   06000C00                                                                                if                      0, off_0934
0928:   21047401                                                                                ck                      FG_COMMON, 116, 1
092C:   220D0101                                                                                set                     FG_PBF00, 1, 1
0930:   07000A00                                                                                else                    0, off_093A

off_0934:
0934:   220D0100                                                                                set                     FG_PBF00, 1, 0
0938:   00                                                                                      nop
0939:   00                                                                                      nop

off_093A:
093A:   06000800                                                                                if                      0, off_0946
093E:   21047600                                                                                ck                      FG_COMMON, 118, 0
0942:   180A                                                                                    gosub                   main_0A
0944:   08                                                                                      endif
0945:   00                                                                                      nop

off_0946:
0946:   0100                                                                                    evt_end                 0

.proc main_05
0948:   22020701                                                                                set                     FG_STOP, 7, 1
094C:   22020101                                                                                set                     FG_STOP, 1, 1
0950:   22020201                                                                                set                     FG_STOP, 2, 1
0954:   22020301                                                                                set                     FG_STOP, 3, 1
0958:   2906                                                                                    cut_chg                 6
095A:   2E0300                                                                                  work_set                WK_ENEMY, ID_EM_0
095D:   00                                                                                      nop
095E:   06001600                                                                                if                      0, off_0978
0962:   3E0000060100                                                                            member_cmp              0, 0, 6, 1, 0
0968:   3D100C                                                                                  member_copy             V_TEMP, M_Y_POS
096B:   00                                                                                      nop
096C:   26000110A861                                                                            calc                    0, OP_SUB, V_TEMP, 25000
0972:   350C10                                                                                  member_set2             M_Y_POS, V_TEMP
0975:   00                                                                                      nop
0976:   08                                                                                      endif
0977:   00                                                                                      nop

off_0978:
0978:   2E0301                                                                                  work_set                WK_ENEMY, ID_EM_1
097B:   00                                                                                      nop
097C:   06001600                                                                                if                      0, off_0996
0980:   3E0000060100                                                                            member_cmp              0, 0, 6, 1, 0
0986:   3D100C                                                                                  member_copy             V_TEMP, M_Y_POS
0989:   00                                                                                      nop
098A:   26000110A861                                                                            calc                    0, OP_SUB, V_TEMP, 25000
0990:   350C10                                                                                  member_set2             M_Y_POS, V_TEMP
0993:   00                                                                                      nop
0994:   08                                                                                      endif
0995:   00                                                                                      nop

off_0996:
0996:   06001200                                                                                if                      0, off_09AC
099A:   21047501                                                                                ck                      FG_COMMON, 117, 1
099E:   2E0402                                                                                  work_set                WK_OBJECT, ID_OBJ_2
09A1:   00                                                                                      nop
09A2:   32005CAA2AF620B9                                                                        pos_set                 0, -21924, -2518, -18144
09AA:   08                                                                                      endif
09AB:   00                                                                                      nop

off_09AC:
09AC:   06001200                                                                                if                      0, off_09C2
09B0:   21047401                                                                                ck                      FG_COMMON, 116, 1
09B4:   2E0401                                                                                  work_set                WK_OBJECT, ID_OBJ_1
09B7:   00                                                                                      nop
09B8:   320060A92AF620B9                                                                        pos_set                 0, -22176, -2518, -18144
09C0:   08                                                                                      endif
09C1:   00                                                                                      nop

off_09C2:
09C2:   090A0A00                                                                                sleep                   10, 10
09C6:   06001200                                                                                if                      0, off_09DC
09CA:   21047401                                                                                ck                      FG_COMMON, 116, 1
09CE:   21047501                                                                                ck                      FG_COMMON, 117, 1
09D2:   2B000300FFFF                                                                            message_on              0, ID_MSG_3, 0, 255, 255
09D8:   07003800                                                                                else                    0, off_0A10

off_09DC:
09DC:   06001200                                                                                if                      0, off_09F2
09E0:   21047400                                                                                ck                      FG_COMMON, 116, 0
09E4:   21047500                                                                                ck                      FG_COMMON, 117, 0
09E8:   2B000000FFFF                                                                            message_on              0, ID_MSG_0, 0, 255, 255
09EE:   07002000                                                                                else                    0, off_0A0E

off_09F2:
09F2:   06000E00                                                                                if                      0, off_0A04
09F6:   21047401                                                                                ck                      FG_COMMON, 116, 1
09FA:   2B000200FFFF                                                                            message_on              0, ID_MSG_2, 0, 255, 255
0A00:   07000C00                                                                                else                    0, off_0A0C

off_0A04:
0A04:   2B000100FFFF                                                                            message_on              0, ID_MSG_1, 0, 255, 255
0A0A:   00                                                                                      nop
0A0B:   00                                                                                      nop

off_0A0C:
0A0C:   00                                                                                      nop
0A0D:   00                                                                                      nop

off_0A0E:
0A0E:   00                                                                                      nop
0A0F:   00                                                                                      nop

off_0A10:
0A10:   090A0100                                                                                sleep                   10, 1
0A14:   2900                                                                                    cut_chg                 0
0A16:   06001200                                                                                if                      0, off_0A2C
0A1A:   21047501                                                                                ck                      FG_COMMON, 117, 1
0A1E:   2E0402                                                                                  work_set                WK_OBJECT, ID_OBJ_2
0A21:   00                                                                                      nop
0A22:   32005CAA0AA820B9                                                                        pos_set                 0, -21924, -22518, -18144
0A2A:   08                                                                                      endif
0A2B:   00                                                                                      nop

off_0A2C:
0A2C:   06001200                                                                                if                      0, off_0A42
0A30:   21047401                                                                                ck                      FG_COMMON, 116, 1
0A34:   2E0401                                                                                  work_set                WK_OBJECT, ID_OBJ_1
0A37:   00                                                                                      nop
0A38:   320060A90AA820B9                                                                        pos_set                 0, -22176, -22518, -18144
0A40:   08                                                                                      endif
0A41:   00                                                                                      nop

off_0A42:
0A42:   2E0300                                                                                  work_set                WK_ENEMY, ID_EM_0
0A45:   00                                                                                      nop
0A46:   06001600                                                                                if                      0, off_0A60
0A4A:   3E0000060100                                                                            member_cmp              0, 0, 6, 1, 0
0A50:   3D100C                                                                                  member_copy             V_TEMP, M_Y_POS
0A53:   00                                                                                      nop
0A54:   26000010A861                                                                            calc                    0, OP_ADD, V_TEMP, 25000
0A5A:   350C10                                                                                  member_set2             M_Y_POS, V_TEMP
0A5D:   00                                                                                      nop
0A5E:   08                                                                                      endif
0A5F:   00                                                                                      nop

off_0A60:
0A60:   2E0301                                                                                  work_set                WK_ENEMY, ID_EM_1
0A63:   00                                                                                      nop
0A64:   06001600                                                                                if                      0, off_0A7E
0A68:   3E0000060100                                                                            member_cmp              0, 0, 6, 1, 0
0A6E:   3D100C                                                                                  member_copy             V_TEMP, M_Y_POS
0A71:   00                                                                                      nop
0A72:   26000010A861                                                                            calc                    0, OP_ADD, V_TEMP, 25000
0A78:   350C10                                                                                  member_set2             M_Y_POS, V_TEMP
0A7B:   00                                                                                      nop
0A7C:   08                                                                                      endif
0A7D:   00                                                                                      nop

off_0A7E:
0A7E:   22020200                                                                                set                     FG_STOP, 2, 0
0A82:   22020100                                                                                set                     FG_STOP, 1, 0
0A86:   22020700                                                                                set                     FG_STOP, 7, 0
0A8A:   22020300                                                                                set                     FG_STOP, 3, 0
0A8E:   3C01                                                                                    cut_auto                1
0A90:   0100                                                                                    evt_end                 0

.proc main_06
0A92:   22020701                                                                                set                     FG_STOP, 7, 1
0A96:   22020101                                                                                set                     FG_STOP, 1, 1
0A9A:   22020201                                                                                set                     FG_STOP, 2, 1
0A9E:   22020301                                                                                set                     FG_STOP, 3, 1
0AA2:   06001200                                                                                if                      0, off_0AB8
0AA6:   21047501                                                                                ck                      FG_COMMON, 117, 1
0AAA:   2E0402                                                                                  work_set                WK_OBJECT, ID_OBJ_2
0AAD:   00                                                                                      nop
0AAE:   32005CAA2AF620B9                                                                        pos_set                 0, -21924, -2518, -18144
0AB6:   08                                                                                      endif
0AB7:   00                                                                                      nop

off_0AB8:
0AB8:   2906                                                                                    cut_chg                 6
0ABA:   2E0300                                                                                  work_set                WK_ENEMY, ID_EM_0
0ABD:   00                                                                                      nop
0ABE:   06001600                                                                                if                      0, off_0AD8
0AC2:   3E0000060100                                                                            member_cmp              0, 0, 6, 1, 0
0AC8:   3D100C                                                                                  member_copy             V_TEMP, M_Y_POS
0ACB:   00                                                                                      nop
0ACC:   26000110A861                                                                            calc                    0, OP_SUB, V_TEMP, 25000
0AD2:   350C10                                                                                  member_set2             M_Y_POS, V_TEMP
0AD5:   00                                                                                      nop
0AD6:   08                                                                                      endif
0AD7:   00                                                                                      nop

off_0AD8:
0AD8:   2E0301                                                                                  work_set                WK_ENEMY, ID_EM_1
0ADB:   00                                                                                      nop
0ADC:   06001600                                                                                if                      0, off_0AF6
0AE0:   3E0000060100                                                                            member_cmp              0, 0, 6, 1, 0
0AE6:   3D100C                                                                                  member_copy             V_TEMP, M_Y_POS
0AE9:   00                                                                                      nop
0AEA:   26000110A861                                                                            calc                    0, OP_SUB, V_TEMP, 25000
0AF0:   350C10                                                                                  member_set2             M_Y_POS, V_TEMP
0AF3:   00                                                                                      nop
0AF4:   08                                                                                      endif
0AF5:   00                                                                                      nop

off_0AF6:
0AF6:   090A1400                                                                                sleep                   10, 20
0AFA:   36020A00000065A918FC5CB6                                                                se_on                   2, 10, 0, -22171, -1000, -18852
0B06:   2E0401                                                                                  work_set                WK_OBJECT, ID_OBJ_1
0B09:   00                                                                                      nop
0B0A:   320060A962F520B9                                                                        pos_set                 0, -22176, -2718, -18144
0B12:   2F010A00                                                                                speed_set               1, 10
0B16:   0D0004001400                                                                            for                     0, off_0B20, 20
0B1C:   30                                                                                      add_speed
0B1D:   02                                                                                      evt_next
0B1E:   0E00                                                                                    next                    0

off_0B20:
0B20:   090A1400                                                                                sleep                   10, 20
0B24:   22047401                                                                                set                     FG_COMMON, 116, 1
0B28:   06002600                                                                                if                      0, off_0B52
0B2C:   21047501                                                                                ck                      FG_COMMON, 117, 1
0B30:   090A1E00                                                                                sleep                   10, 30
0B34:   2E0401                                                                                  work_set                WK_OBJECT, ID_OBJ_1
0B37:   00                                                                                      nop
0B38:   320060A90AA820B9                                                                        pos_set                 0, -22176, -22518, -18144
0B40:   2E0402                                                                                  work_set                WK_OBJECT, ID_OBJ_2
0B43:   00                                                                                      nop
0B44:   32005CAA0AA820B9                                                                        pos_set                 0, -21924, -22518, -18144
0B4C:   03001808                                                                                evt_chain               0, 24, 8
0B50:   08                                                                                      endif
0B51:   00                                                                                      nop

off_0B52:
0B52:   2900                                                                                    cut_chg                 0
0B54:   2E0300                                                                                  work_set                WK_ENEMY, ID_EM_0
0B57:   00                                                                                      nop
0B58:   06001600                                                                                if                      0, off_0B72
0B5C:   3E0000060100                                                                            member_cmp              0, 0, 6, 1, 0
0B62:   3D100C                                                                                  member_copy             V_TEMP, M_Y_POS
0B65:   00                                                                                      nop
0B66:   26000010A861                                                                            calc                    0, OP_ADD, V_TEMP, 25000
0B6C:   350C10                                                                                  member_set2             M_Y_POS, V_TEMP
0B6F:   00                                                                                      nop
0B70:   08                                                                                      endif
0B71:   00                                                                                      nop

off_0B72:
0B72:   2E0301                                                                                  work_set                WK_ENEMY, ID_EM_1
0B75:   00                                                                                      nop
0B76:   06001600                                                                                if                      0, off_0B90
0B7A:   3E0000060100                                                                            member_cmp              0, 0, 6, 1, 0
0B80:   3D100C                                                                                  member_copy             V_TEMP, M_Y_POS
0B83:   00                                                                                      nop
0B84:   26000010A861                                                                            calc                    0, OP_ADD, V_TEMP, 25000
0B8A:   350C10                                                                                  member_set2             M_Y_POS, V_TEMP
0B8D:   00                                                                                      nop
0B8E:   08                                                                                      endif
0B8F:   00                                                                                      nop

off_0B90:
0B90:   2E0401                                                                                  work_set                WK_OBJECT, ID_OBJ_1
0B93:   00                                                                                      nop
0B94:   320060A90AA820B9                                                                        pos_set                 0, -22176, -22518, -18144
0B9C:   22020700                                                                                set                     FG_STOP, 7, 0
0BA0:   22020100                                                                                set                     FG_STOP, 1, 0
0BA4:   22020200                                                                                set                     FG_STOP, 2, 0
0BA8:   22020300                                                                                set                     FG_STOP, 3, 0
0BAC:   3C01                                                                                    cut_auto                1
0BAE:   0100                                                                                    evt_end                 0

.proc main_07
0BB0:   22020701                                                                                set                     FG_STOP, 7, 1
0BB4:   22020101                                                                                set                     FG_STOP, 1, 1
0BB8:   22020201                                                                                set                     FG_STOP, 2, 1
0BBC:   22020301                                                                                set                     FG_STOP, 3, 1
0BC0:   06001200                                                                                if                      0, off_0BD6
0BC4:   21047401                                                                                ck                      FG_COMMON, 116, 1
0BC8:   2E0401                                                                                  work_set                WK_OBJECT, ID_OBJ_1
0BCB:   00                                                                                      nop
0BCC:   320060A92AF620B9                                                                        pos_set                 0, -22176, -2518, -18144
0BD4:   08                                                                                      endif
0BD5:   00                                                                                      nop

off_0BD6:
0BD6:   2906                                                                                    cut_chg                 6
0BD8:   2E0300                                                                                  work_set                WK_ENEMY, ID_EM_0
0BDB:   00                                                                                      nop
0BDC:   06001600                                                                                if                      0, off_0BF6
0BE0:   3E0000060100                                                                            member_cmp              0, 0, 6, 1, 0
0BE6:   3D100C                                                                                  member_copy             V_TEMP, M_Y_POS
0BE9:   00                                                                                      nop
0BEA:   26000110A861                                                                            calc                    0, OP_SUB, V_TEMP, 25000
0BF0:   350C10                                                                                  member_set2             M_Y_POS, V_TEMP
0BF3:   00                                                                                      nop
0BF4:   08                                                                                      endif
0BF5:   00                                                                                      nop

off_0BF6:
0BF6:   2E0301                                                                                  work_set                WK_ENEMY, ID_EM_1
0BF9:   00                                                                                      nop
0BFA:   06001600                                                                                if                      0, off_0C14
0BFE:   3E0000060100                                                                            member_cmp              0, 0, 6, 1, 0
0C04:   3D100C                                                                                  member_copy             V_TEMP, M_Y_POS
0C07:   00                                                                                      nop
0C08:   26000110A861                                                                            calc                    0, OP_SUB, V_TEMP, 25000
0C0E:   350C10                                                                                  member_set2             M_Y_POS, V_TEMP
0C11:   00                                                                                      nop
0C12:   08                                                                                      endif
0C13:   00                                                                                      nop

off_0C14:
0C14:   090A1400                                                                                sleep                   10, 20
0C18:   36020A00000065A918FC5CB6                                                                se_on                   2, 10, 0, -22171, -1000, -18852
0C24:   2E0402                                                                                  work_set                WK_OBJECT, ID_OBJ_2
0C27:   00                                                                                      nop
0C28:   32005CAA62F520B9                                                                        pos_set                 0, -21924, -2718, -18144
0C30:   2F010A00                                                                                speed_set               1, 10
0C34:   0D0004001400                                                                            for                     0, off_0C3E, 20
0C3A:   30                                                                                      add_speed
0C3B:   02                                                                                      evt_next
0C3C:   0E00                                                                                    next                    0

off_0C3E:
0C3E:   090A1400                                                                                sleep                   10, 20
0C42:   22047501                                                                                set                     FG_COMMON, 117, 1
0C46:   06002600                                                                                if                      0, off_0C70
0C4A:   21047401                                                                                ck                      FG_COMMON, 116, 1
0C4E:   090A1E00                                                                                sleep                   10, 30
0C52:   2E0402                                                                                  work_set                WK_OBJECT, ID_OBJ_2
0C55:   00                                                                                      nop
0C56:   32005CAA0AA820B9                                                                        pos_set                 0, -21924, -22518, -18144
0C5E:   2E0401                                                                                  work_set                WK_OBJECT, ID_OBJ_1
0C61:   00                                                                                      nop
0C62:   320060A90AA820B9                                                                        pos_set                 0, -22176, -22518, -18144
0C6A:   03001808                                                                                evt_chain               0, 24, 8
0C6E:   08                                                                                      endif
0C6F:   00                                                                                      nop

off_0C70:
0C70:   2900                                                                                    cut_chg                 0
0C72:   2E0300                                                                                  work_set                WK_ENEMY, ID_EM_0
0C75:   00                                                                                      nop
0C76:   06001600                                                                                if                      0, off_0C90
0C7A:   3E0000060100                                                                            member_cmp              0, 0, 6, 1, 0
0C80:   3D100C                                                                                  member_copy             V_TEMP, M_Y_POS
0C83:   00                                                                                      nop
0C84:   26000010A861                                                                            calc                    0, OP_ADD, V_TEMP, 25000
0C8A:   350C10                                                                                  member_set2             M_Y_POS, V_TEMP
0C8D:   00                                                                                      nop
0C8E:   08                                                                                      endif
0C8F:   00                                                                                      nop

off_0C90:
0C90:   2E0301                                                                                  work_set                WK_ENEMY, ID_EM_1
0C93:   00                                                                                      nop
0C94:   06001600                                                                                if                      0, off_0CAE
0C98:   3E0000060100                                                                            member_cmp              0, 0, 6, 1, 0
0C9E:   3D100C                                                                                  member_copy             V_TEMP, M_Y_POS
0CA1:   00                                                                                      nop
0CA2:   26000010A861                                                                            calc                    0, OP_ADD, V_TEMP, 25000
0CA8:   350C10                                                                                  member_set2             M_Y_POS, V_TEMP
0CAB:   00                                                                                      nop
0CAC:   08                                                                                      endif
0CAD:   00                                                                                      nop

off_0CAE:
0CAE:   2E0402                                                                                  work_set                WK_OBJECT, ID_OBJ_2
0CB1:   00                                                                                      nop
0CB2:   32005CAA0AA820B9                                                                        pos_set                 0, -21924, -22518, -18144
0CBA:   22020700                                                                                set                     FG_STOP, 7, 0
0CBE:   22020100                                                                                set                     FG_STOP, 1, 0
0CC2:   22020200                                                                                set                     FG_STOP, 2, 0
0CC6:   22020300                                                                                set                     FG_STOP, 3, 0
0CCA:   3C01                                                                                    cut_auto                1
0CCC:   0100                                                                                    evt_end                 0

.proc main_08
0CCE:   22020701                                                                                set                     FG_STOP, 7, 1
0CD2:   22020101                                                                                set                     FG_STOP, 1, 1
0CD6:   22020301                                                                                set                     FG_STOP, 3, 1
0CDA:   22011B01                                                                                set                     FG_STATUS, 27, 1
0CDE:   2E0100                                                                                  work_set                WK_PLAYER, 0
0CE1:   00                                                                                      nop
0CE2:   40000900F49D79AF                                                                        plc_dest                0, 9, 0, -25100, -20615
0CEA:   22047601                                                                                set                     FG_COMMON, 118, 1
0CEE:   2900                                                                                    cut_chg                 0
0CF0:   2E0300                                                                                  work_set                WK_ENEMY, ID_EM_0
0CF3:   00                                                                                      nop
0CF4:   06001600                                                                                if                      0, off_0D0E
0CF8:   3E0000060100                                                                            member_cmp              0, 0, 6, 1, 0
0CFE:   3D100C                                                                                  member_copy             V_TEMP, M_Y_POS
0D01:   00                                                                                      nop
0D02:   26000010A861                                                                            calc                    0, OP_ADD, V_TEMP, 25000
0D08:   350C10                                                                                  member_set2             M_Y_POS, V_TEMP
0D0B:   00                                                                                      nop
0D0C:   08                                                                                      endif
0D0D:   00                                                                                      nop

off_0D0E:
0D0E:   2E0301                                                                                  work_set                WK_ENEMY, ID_EM_1
0D11:   00                                                                                      nop
0D12:   06001600                                                                                if                      0, off_0D2C
0D16:   3E0000060100                                                                            member_cmp              0, 0, 6, 1, 0
0D1C:   3D100C                                                                                  member_copy             V_TEMP, M_Y_POS
0D1F:   00                                                                                      nop
0D20:   26000010A861                                                                            calc                    0, OP_ADD, V_TEMP, 25000
0D26:   350C10                                                                                  member_set2             M_Y_POS, V_TEMP
0D29:   00                                                                                      nop
0D2A:   08                                                                                      endif
0D2B:   00                                                                                      nop

off_0D2C:
0D2C:   8C00A03296000500                                                                        nop_8c                  0, 160, 50, 150, 0, 5, 0
0D34:   090A0A00                                                                                sleep                   10, 10
0D38:   36020B01000065A918FC5CB6                                                                se_on                   2, 267, 0, -22171, -1000, -18852
0D44:   090A3C00                                                                                sleep                   10, 60
0D48:   04FF1809                                                                                evt_exec                255, I_GOSUB, main_09
0D4C:   510002016440                                                                            sce_bgm_control         BGM_CHANNEL_MAIN, BGM_OP_STOP, BGM_TYPE_PROG0_VOL, 100, 64
0D52:   510002026440                                                                            sce_bgm_control         BGM_CHANNEL_MAIN, BGM_OP_STOP, BGM_TYPE_PROG1_VOL, 100, 64
0D58:   510102016440                                                                            sce_bgm_control         BGM_CHANNEL_SUB0, BGM_OP_STOP, BGM_TYPE_PROG0_VOL, 100, 64
0D5E:   510201016440                                                                            sce_bgm_control         BGM_CHANNEL_SUB1, BGM_OP_START, BGM_TYPE_PROG0_VOL, 100, 64
0D64:   090A2800                                                                                sleep                   10, 40
0D68:   2906                                                                                    cut_chg                 6
0D6A:   2E0300                                                                                  work_set                WK_ENEMY, ID_EM_0
0D6D:   00                                                                                      nop
0D6E:   06001600                                                                                if                      0, off_0D88
0D72:   3E0000060100                                                                            member_cmp              0, 0, 6, 1, 0
0D78:   3D100C                                                                                  member_copy             V_TEMP, M_Y_POS
0D7B:   00                                                                                      nop
0D7C:   26000110A861                                                                            calc                    0, OP_SUB, V_TEMP, 25000
0D82:   350C10                                                                                  member_set2             M_Y_POS, V_TEMP
0D85:   00                                                                                      nop
0D86:   08                                                                                      endif
0D87:   00                                                                                      nop

off_0D88:
0D88:   2E0301                                                                                  work_set                WK_ENEMY, ID_EM_1
0D8B:   00                                                                                      nop
0D8C:   06001600                                                                                if                      0, off_0DA6
0D90:   3E0000060100                                                                            member_cmp              0, 0, 6, 1, 0
0D96:   3D100C                                                                                  member_copy             V_TEMP, M_Y_POS
0D99:   00                                                                                      nop
0D9A:   26000110A861                                                                            calc                    0, OP_SUB, V_TEMP, 25000
0DA0:   350C10                                                                                  member_set2             M_Y_POS, V_TEMP
0DA3:   00                                                                                      nop
0DA4:   08                                                                                      endif
0DA5:   00                                                                                      nop

off_0DA6:
0DA6:   2E0402                                                                                  work_set                WK_OBJECT, ID_OBJ_2
0DA9:   00                                                                                      nop
0DAA:   32005CAA2AF620B9                                                                        pos_set                 0, -21924, -2518, -18144
0DB2:   2E0401                                                                                  work_set                WK_OBJECT, ID_OBJ_1
0DB5:   00                                                                                      nop
0DB6:   320060A92AF620B9                                                                        pos_set                 0, -22176, -2518, -18144
0DBE:   090A0A00                                                                                sleep                   10, 10
0DC2:   6403160C0000000954AC44F8A2B80000                                                        sce_espr_on2            3, 22, 12, 0, 0, 0, 9, 84, 172, 68, 248, 162, 184, 0, 0
0DD2:   6502                                                                                    sce_espr_kill2          2
0DD4:   36020C01000065A918FC5CB6                                                                se_on                   2, 268, 0, -22171, -1000, -18852
0DE0:   370A0000                                                                                sca_id_set              10, 0, 0
0DE4:   46030041000000000000                                                                    aot_reset               ID_AOT_3, SCE_AUTO, SAT_PL | SAT_UNDER, 0, 0, 0, 0, 0, 0
0DEE:   46070041000000000000                                                                    aot_reset               ID_AOT_7, SCE_AUTO, SAT_PL | SAT_UNDER, 0, 0, 0, 0, 0, 0
0DF8:   090A3200                                                                                sleep                   10, 50
0DFC:   2900                                                                                    cut_chg                 0
0DFE:   2E0300                                                                                  work_set                WK_ENEMY, ID_EM_0
0E01:   00                                                                                      nop
0E02:   06001600                                                                                if                      0, off_0E1C
0E06:   3E0000060100                                                                            member_cmp              0, 0, 6, 1, 0
0E0C:   3D100C                                                                                  member_copy             V_TEMP, M_Y_POS
0E0F:   00                                                                                      nop
0E10:   26000010A861                                                                            calc                    0, OP_ADD, V_TEMP, 25000
0E16:   350C10                                                                                  member_set2             M_Y_POS, V_TEMP
0E19:   00                                                                                      nop
0E1A:   08                                                                                      endif
0E1B:   00                                                                                      nop

off_0E1C:
0E1C:   2E0301                                                                                  work_set                WK_ENEMY, ID_EM_1
0E1F:   00                                                                                      nop
0E20:   06001600                                                                                if                      0, off_0E3A
0E24:   3E0000060100                                                                            member_cmp              0, 0, 6, 1, 0
0E2A:   3D100C                                                                                  member_copy             V_TEMP, M_Y_POS
0E2D:   00                                                                                      nop
0E2E:   26000010A861                                                                            calc                    0, OP_ADD, V_TEMP, 25000
0E34:   350C10                                                                                  member_set2             M_Y_POS, V_TEMP
0E37:   00                                                                                      nop
0E38:   08                                                                                      endif
0E39:   00                                                                                      nop

off_0E3A:
0E3A:   2E0402                                                                                  work_set                WK_OBJECT, ID_OBJ_2
0E3D:   00                                                                                      nop
0E3E:   32005CAA0AA820B9                                                                        pos_set                 0, -21924, -22518, -18144
0E46:   2E0401                                                                                  work_set                WK_OBJECT, ID_OBJ_1
0E49:   00                                                                                      nop
0E4A:   320060A90AA820B9                                                                        pos_set                 0, -22176, -22518, -18144
0E52:   090A1E00                                                                                sleep                   10, 30
0E56:   22020200                                                                                set                     FG_STOP, 2, 0
0E5A:   22020700                                                                                set                     FG_STOP, 7, 0
0E5E:   22020100                                                                                set                     FG_STOP, 1, 0
0E62:   22020300                                                                                set                     FG_STOP, 3, 0
0E66:   22011B00                                                                                set                     FG_STATUS, 27, 0
0E6A:   2E0100                                                                                  work_set                WK_PLAYER, 0
0E6D:   42                                                                                      plc_ret
0E6E:   3C01                                                                                    cut_auto                1
0E70:   57000504FF180080                                                                        sce_bgmtbl_set          0, 5, 4, 6399, 32768
0E78:   57000704FF000000                                                                        sce_bgmtbl_set          0, 7, 4, 255, 0
0E80:   0100                                                                                    evt_end                 0

.proc main_09
0E82:   2E0400                                                                                  work_set                WK_OBJECT, ID_OBJ_0
0E85:   00                                                                                      nop
0E86:   240460FA                                                                                save                    V_04, -1440
0E8A:   0D002E002800                                                                            for                     0, off_0EBE, 40
0E90:   3D100C                                                                                  member_copy             V_TEMP, M_Y_POS
0E93:   00                                                                                      nop
0E94:   260000101400                                                                            calc                    0, OP_ADD, V_TEMP, 20
0E9A:   350C10                                                                                  member_set2             M_Y_POS, V_TEMP
0E9D:   00                                                                                      nop
0E9E:   251004                                                                                  copy                    V_TEMP, V_04
0EA1:   00                                                                                      nop
0EA2:   260000101400                                                                            calc                    0, OP_ADD, V_TEMP, 20
0EA8:   250410                                                                                  copy                    V_04, V_TEMP
0EAB:   00                                                                                      nop
0EAC:   1D040401                                                                                work_copy               4, 4, 1
0EB0:   46030741000000000000                                                                    aot_reset               ID_AOT_3, SCE_WATER, SAT_PL | SAT_UNDER, 0, 0, 0, 0, 0, 0
0EBA:   02                                                                                      evt_next
0EBB:   00                                                                                      nop
0EBC:   0E00                                                                                    next                    0

off_0EBE:
0EBE:   2E0400                                                                                  work_set                WK_OBJECT, ID_OBJ_0
0EC1:   00                                                                                      nop
0EC2:   340CE0B1                                                                                member_set              M_Y_POS, -20000
0EC6:   0100                                                                                    evt_end                 0

.proc main_0A

off_0EC8:
0EC8:   131A8800                                                                                switch                  26, off_0F54
0ECC:   14000E000000                                                                            case                    0, off_0EE0, 0
0ED2:   510000015A40                                                                            sce_bgm_control         BGM_CHANNEL_MAIN, BGM_OP_NOP, BGM_TYPE_PROG0_VOL, 90, 64
0ED8:   510100013C40                                                                            sce_bgm_control         BGM_CHANNEL_SUB0, BGM_OP_NOP, BGM_TYPE_PROG0_VOL, 60, 64
0EDE:   1A00                                                                                    break                   0

off_0EE0:
0EE0:   14000E000100                                                                            case                    0, off_0EF4, 1
0EE6:   510000015A40                                                                            sce_bgm_control         BGM_CHANNEL_MAIN, BGM_OP_NOP, BGM_TYPE_PROG0_VOL, 90, 64
0EEC:   510100013240                                                                            sce_bgm_control         BGM_CHANNEL_SUB0, BGM_OP_NOP, BGM_TYPE_PROG0_VOL, 50, 64
0EF2:   1A00                                                                                    break                   0

off_0EF4:
0EF4:   14000E000200                                                                            case                    0, off_0F08, 2
0EFA:   510000015A40                                                                            sce_bgm_control         BGM_CHANNEL_MAIN, BGM_OP_NOP, BGM_TYPE_PROG0_VOL, 90, 64
0F00:   510100013240                                                                            sce_bgm_control         BGM_CHANNEL_SUB0, BGM_OP_NOP, BGM_TYPE_PROG0_VOL, 50, 64
0F06:   1A00                                                                                    break                   0

off_0F08:
0F08:   14000E000300                                                                            case                    0, off_0F1C, 3
0F0E:   510000015A40                                                                            sce_bgm_control         BGM_CHANNEL_MAIN, BGM_OP_NOP, BGM_TYPE_PROG0_VOL, 90, 64
0F14:   510100012840                                                                            sce_bgm_control         BGM_CHANNEL_SUB0, BGM_OP_NOP, BGM_TYPE_PROG0_VOL, 40, 64
0F1A:   1A00                                                                                    break                   0

off_0F1C:
0F1C:   14000E000400                                                                            case                    0, off_0F30, 4
0F22:   510000015A40                                                                            sce_bgm_control         BGM_CHANNEL_MAIN, BGM_OP_NOP, BGM_TYPE_PROG0_VOL, 90, 64
0F28:   510100013240                                                                            sce_bgm_control         BGM_CHANNEL_SUB0, BGM_OP_NOP, BGM_TYPE_PROG0_VOL, 50, 64
0F2E:   1A00                                                                                    break                   0

off_0F30:
0F30:   14000E000500                                                                            case                    0, off_0F44, 5
0F36:   510000015A40                                                                            sce_bgm_control         BGM_CHANNEL_MAIN, BGM_OP_NOP, BGM_TYPE_PROG0_VOL, 90, 64
0F3C:   510100013264                                                                            sce_bgm_control         BGM_CHANNEL_SUB0, BGM_OP_NOP, BGM_TYPE_PROG0_VOL, 50, 100
0F42:   1A00                                                                                    break                   0

off_0F44:
0F44:   140008000600                                                                            case                    0, off_0F52, 6
0F4A:   510100013C28                                                                            sce_bgm_control         BGM_CHANNEL_SUB0, BGM_OP_NOP, BGM_TYPE_PROG0_VOL, 60, 40
0F50:   1A00                                                                                    break                   0

off_0F52:
0F52:   1600                                                                                    eswitch                 0

off_0F54:
0F54:   11000A00                                                                                do                      0, off_0F62
0F58:   090A0100                                                                                sleep                   10, 1
0F5C:   1204                                                                                    edwhile                 off_0F62
0F5E:   21010B00                                                                                ck                      FG_STATUS, 11, 0

off_0F62:
0F62:   17FFFF0066FF                                                                            goto                    255, 255, 0, off_0EC8
0F68:   0100                                                                                    evt_end                 0
0F6A:   6464                                                                                    db                      0x64, 0x64
