.version 2

.init
.proc init
0316:   3B00013100003075307501000100F0C30000ACA6F80003050700160500000000                        door_aot_se             ID_AOT_0, SCE_DOOR, SAT_PL | SAT_MANUAL | SAT_FRONT, 0, 0, 30000, 30000, 1, 1, -15376, 0, -22868, 248, 3, 5, 7, 0, 22, 5, 0, 0, UNLOCKED, 0
0336:   3B01013100003075307501000100CF23E0E3AAFE780A03090304160500000000                        door_aot_se             ID_AOT_1, SCE_DOOR, SAT_PL | SAT_MANUAL | SAT_FRONT, 0, 0, 30000, 30000, 1, 1, 9167, -7200, -342, 2680, 3, 9, 3, 4, 22, 5, 0, 0, UNLOCKED, 0
0356:   2D0000000000000000000A001A00269637F9549D000000000000000000000000000000000000            obj_model_set           ID_OBJ_0, 0, 0, 0, 0, 0, 0, 10, 26, -27098, -1737, -25260, 0, 0, 0, 0, 0, 0, 0, 0, 0, 0, 0
037C:   2D0100000000000000000A001A00D7E555F91C9D000000F80000000000000000000000000000            obj_model_set           ID_OBJ_1, 0, 0, 0, 0, 0, 0, 10, 26, -6697, -1707, -25316, 0, -2048, 0, 0, 0, 0, 0, 0, 0, 0, 0
03A2:   06001602                                                                                if                      0, off_05BC
03A6:   21010300                                                                                ck                      FG_STATUS, 3, 0
03AA:   440000290000000F00FFF4C3F0F1D39D000400000000                                            sce_em_set              0, ID_EM_0, ENEMY_COCKROACH, 0, AI_DEFAULT, 0, SBK_15, 0, 255, -15372, -3600, -25133, 1024, 0, 0
03C0:   440001290000000F00FFF4C3F0F1D39D000400000000                                            sce_em_set              0, ID_EM_1, ENEMY_COCKROACH, 0, AI_DEFAULT, 0, SBK_15, 0, 255, -15372, -3600, -25133, 1024, 0, 0
03D6:   440002290000000F00FFF4C3F0F1D39D000400000000                                            sce_em_set              0, ID_EM_2, ENEMY_COCKROACH, 0, AI_DEFAULT, 0, SBK_15, 0, 255, -15372, -3600, -25133, 1024, 0, 0
03EC:   440003290000000F00FFF4C3F0F1D39D000400000000                                            sce_em_set              0, ID_EM_3, ENEMY_COCKROACH, 0, AI_DEFAULT, 0, SBK_15, 0, 255, -15372, -3600, -25133, 1024, 0, 0
0402:   440004290000000F00FFF4C3F0F1D39D000400000000                                            sce_em_set              0, ID_EM_4, ENEMY_COCKROACH, 0, AI_DEFAULT, 0, SBK_15, 0, 255, -15372, -3600, -25133, 1024, 0, 0
0418:   440005290000000F00FFF4C3F0F1D39D000400000000                                            sce_em_set              0, ID_EM_5, ENEMY_COCKROACH, 0, AI_DEFAULT, 0, SBK_15, 0, 255, -15372, -3600, -25133, 1024, 0, 0
042E:   440006290000000F00FFF4C3F0F1D39D000400000000                                            sce_em_set              0, ID_EM_6, ENEMY_COCKROACH, 0, AI_DEFAULT, 0, SBK_15, 0, 255, -15372, -3600, -25133, 1024, 0, 0
0444:   440007290000000F00FFF4C3F0F1D39D000400000000                                            sce_em_set              0, ID_EM_7, ENEMY_COCKROACH, 0, AI_DEFAULT, 0, SBK_15, 0, 255, -15372, -3600, -25133, 1024, 0, 0
045A:   440008290000000F00FFF4C3F0F1D39D000400000000                                            sce_em_set              0, ID_EM_8, ENEMY_COCKROACH, 0, AI_DEFAULT, 0, SBK_15, 0, 255, -15372, -3600, -25133, 1024, 0, 0
0470:   440009290000000F00FFF4C3F0F1D39D000400000000                                            sce_em_set              0, ID_EM_9, ENEMY_COCKROACH, 0, AI_DEFAULT, 0, SBK_15, 0, 255, -15372, -3600, -25133, 1024, 0, 0
0486:   44000A290000000F00FFF4C3F0F1D39D000400000000                                            sce_em_set              0, ID_EM_10, ENEMY_COCKROACH, 0, AI_DEFAULT, 0, SBK_15, 0, 255, -15372, -3600, -25133, 1024, 0, 0
049C:   44000B290000000F00FFF4C3F0F1D39D000400000000                                            sce_em_set              0, ID_EM_11, ENEMY_COCKROACH, 0, AI_DEFAULT, 0, SBK_15, 0, 255, -15372, -3600, -25133, 1024, 0, 0
04B2:   44000C290000000F00FFF4C3F0F1D39D000400000000                                            sce_em_set              0, ID_EM_12, ENEMY_COCKROACH, 0, AI_DEFAULT, 0, SBK_15, 0, 255, -15372, -3600, -25133, 1024, 0, 0
04C8:   44000D290000000F00FFF4C3F0F1D39D000400000000                                            sce_em_set              0, ID_EM_13, ENEMY_COCKROACH, 0, AI_DEFAULT, 0, SBK_15, 0, 255, -15372, -3600, -25133, 1024, 0, 0
04DE:   44000E290000000F00FFF4C3F0F1D39D000400000000                                            sce_em_set              0, ID_EM_14, ENEMY_COCKROACH, 0, AI_DEFAULT, 0, SBK_15, 0, 255, -15372, -3600, -25133, 1024, 0, 0
04F4:   44000F290000000F00FFF4C3F0F1D39D000400000000                                            sce_em_set              0, ID_EM_15, ENEMY_COCKROACH, 0, AI_DEFAULT, 0, SBK_15, 0, 255, -15372, -3600, -25133, 1024, 0, 0
050A:   440010290000000F00FFF4C3F0F1D39D000400000000                                            sce_em_set              0, ID_EM_16, ENEMY_COCKROACH, 0, AI_DEFAULT, 0, SBK_15, 0, 255, -15372, -3600, -25133, 1024, 0, 0
0520:   440011290000000F00FFF4C3F0F1D39D000400000000                                            sce_em_set              0, ID_EM_17, ENEMY_COCKROACH, 0, AI_DEFAULT, 0, SBK_15, 0, 255, -15372, -3600, -25133, 1024, 0, 0
0536:   440012290000000F00FFF4C3F0F1D39D000400000000                                            sce_em_set              0, ID_EM_18, ENEMY_COCKROACH, 0, AI_DEFAULT, 0, SBK_15, 0, 255, -15372, -3600, -25133, 1024, 0, 0
054C:   440013290000000F00FFF4C3F0F1D39D000400000000                                            sce_em_set              0, ID_EM_19, ENEMY_COCKROACH, 0, AI_DEFAULT, 0, SBK_15, 0, 255, -15372, -3600, -25133, 1024, 0, 0
0562:   440014290000000F00FFF4C3F0F1D39D000400000000                                            sce_em_set              0, ID_EM_20, ENEMY_COCKROACH, 0, AI_DEFAULT, 0, SBK_15, 0, 255, -15372, -3600, -25133, 1024, 0, 0
0578:   440015290000000F00FFF4C3F0F1D39D000400000000                                            sce_em_set              0, ID_EM_21, ENEMY_COCKROACH, 0, AI_DEFAULT, 0, SBK_15, 0, 255, -15372, -3600, -25133, 1024, 0, 0
058E:   440016290000000F00FFF4C3F0F1D39D000400000000                                            sce_em_set              0, ID_EM_22, ENEMY_COCKROACH, 0, AI_DEFAULT, 0, SBK_15, 0, 255, -15372, -3600, -25133, 1024, 0, 0
05A4:   440017290000000F00FFF4C3F0F1D39D000400000000                                            sce_em_set              0, ID_EM_23, ENEMY_COCKROACH, 0, AI_DEFAULT, 0, SBK_15, 0, 255, -15372, -3600, -25133, 1024, 0, 0
05BA:   08                                                                                      endif
05BB:   00                                                                                      nop

off_05BC:
05BC:   0100                                                                                    evt_end                 0
05BE:   2B2B                                                                                    db                      0x2B, 0x2B

.main
.proc main
05CC:   2C0205310000A5E00C951405F811FF0018020000                                                aot_set                 ID_AOT_2, SCE_EVENT, SAT_PL | SAT_MANUAL | SAT_FRONT, 0, 0, -8027, -27380, 1300, 4600, 255, 0, I_GOSUB, main_02, 0, 0
05E0:   2C0305310000DD91789408073011FF0018030000                                                aot_set                 ID_AOT_3, SCE_EVENT, SAT_PL | SAT_MANUAL | SAT_FRONT, 0, 0, -28195, -27528, 1800, 4400, 255, 0, I_GOSUB, main_03, 0, 0
05F4:   06004200                                                                                if                      0, off_063A
05F8:   21010301                                                                                ck                      FG_STATUS, 3, 1
05FC:   06002000                                                                                if                      0, off_0620
0600:   23001B000504                                                                            cmp                     0, V_LAST_RDT, CMP_EQ, 1029
0606:   4400FF41000C001F00FF9EDD0000D69A280800000000                                            sce_em_set              0, ID_EM_255, ENEMY_ADA_WONG_1, 0, AI_04 | AI_08, 0, SBK_31, 0, 255, -8802, 0, -25898, 2088, 0, 0
061C:   07001C00                                                                                else                    0, off_0638

off_0620:
0620:   4400FF41000C001F00FFFF9A0000BC9A080000000000                                            sce_em_set              0, ID_EM_255, ENEMY_ADA_WONG_1, 0, AI_04 | AI_08, 0, SBK_31, 0, 255, -25857, 0, -25924, 8, 0, 0
0636:   00                                                                                      nop
0637:   00                                                                                      nop

off_0638:
0638:   08                                                                                      endif
0639:   00                                                                                      nop

off_063A:
063A:   22050101                                                                                set                     FG_ROOM, 1, 1
063E:   04FF1804                                                                                evt_exec                255, I_GOSUB, main_04
0642:   04FF1805                                                                                evt_exec                255, I_GOSUB, main_05
0646:   0100                                                                                    evt_end                 0

.proc aot
0648:   0100                                                                                    evt_end                 0

.proc main_02
064A:   2B00000000FF                                                                            message_on              0, ID_MSG_0, 0, 0, 255
0650:   02                                                                                      evt_next
0651:   00                                                                                      nop
0652:   06001600                                                                                if                      0, off_066C
0656:   210B1F00                                                                                ck                      FG_MESSAGE, F_QUESTION, 0
065A:   360406000000000000000000                                                                se_on                   4, 6, 0, 0, 0, 0
0666:   4700                                                                                    aot_on                  ID_AOT_0
0668:   07001200                                                                                else                    0, off_067A

off_066C:
066C:   360405000000000000000000                                                                se_on                   4, 5, 0, 0, 0, 0
0678:   00                                                                                      nop
0679:   00                                                                                      nop

off_067A:
067A:   0100                                                                                    evt_end                 0

.proc main_03
067C:   2B00000000FF                                                                            message_on              0, ID_MSG_0, 0, 0, 255
0682:   02                                                                                      evt_next
0683:   00                                                                                      nop
0684:   06001600                                                                                if                      0, off_069E
0688:   210B1F00                                                                                ck                      FG_MESSAGE, F_QUESTION, 0
068C:   360406000000000000000000                                                                se_on                   4, 6, 0, 0, 0, 0
0698:   4701                                                                                    aot_on                  ID_AOT_1
069A:   07001200                                                                                else                    0, off_06AC

off_069E:
069E:   360405000000000000000000                                                                se_on                   4, 5, 0, 0, 0, 0
06AA:   00                                                                                      nop
06AB:   00                                                                                      nop

off_06AC:
06AC:   0100                                                                                    evt_end                 0

.proc main_04

off_06AE:
06AE:   251004                                                                                  copy                    V_TEMP, V_04
06B1:   00                                                                                      nop
06B2:   260000100100                                                                            calc                    0, OP_ADD, V_TEMP, 1
06B8:   250410                                                                                  copy                    V_04, V_TEMP
06BB:   00                                                                                      nop
06BC:   251004                                                                                  copy                    V_TEMP, V_04
06BF:   00                                                                                      nop
06C0:   26000610FF0F                                                                            calc                    0, OP_AND, V_TEMP, 4095
06C6:   250410                                                                                  copy                    V_04, V_TEMP
06C9:   00                                                                                      nop
06CA:   2E0400                                                                                  work_set                WK_OBJECT, ID_OBJ_0
06CD:   00                                                                                      nop
06CE:   350E04                                                                                  member_set2             M_X_DIR, V_04
06D1:   00                                                                                      nop
06D2:   2E0401                                                                                  work_set                WK_OBJECT, ID_OBJ_1
06D5:   00                                                                                      nop
06D6:   350E04                                                                                  member_set2             M_X_DIR, V_04
06D9:   00                                                                                      nop
06DA:   02                                                                                      evt_next
06DB:   00                                                                                      nop
06DC:   17FFFF00D2FF                                                                            goto                    255, 255, 0, off_06AE
06E2:   0100                                                                                    evt_end                 0

.proc main_05
06E4:   510001016440                                                                            sce_bgm_control         BGM_CHANNEL_MAIN, BGM_OP_START, BGM_TYPE_PROG0_VOL, 100, 64
06EA:   0F045000                                                                                while                   4, off_073E
06EE:   21050101                                                                                ck                      FG_ROOM, 1, 1
06F2:   131A3A00                                                                                switch                  26, off_0730
06F6:   140008000000                                                                            case                    0, off_0704, 0
06FC:   510000015040                                                                            sce_bgm_control         BGM_CHANNEL_MAIN, BGM_OP_NOP, BGM_TYPE_PROG0_VOL, 80, 64
0702:   1A00                                                                                    break                   0

off_0704:
0704:   140008000100                                                                            case                    0, off_0712, 1
070A:   510000013C50                                                                            sce_bgm_control         BGM_CHANNEL_MAIN, BGM_OP_NOP, BGM_TYPE_PROG0_VOL, 60, 80
0710:   1A00                                                                                    break                   0

off_0712:
0712:   140008000200                                                                            case                    0, off_0720, 2
0718:   510000013240                                                                            sce_bgm_control         BGM_CHANNEL_MAIN, BGM_OP_NOP, BGM_TYPE_PROG0_VOL, 50, 64
071E:   1A00                                                                                    break                   0

off_0720:
0720:   140008000300                                                                            case                    0, off_072E, 3
0726:   510000014640                                                                            sce_bgm_control         BGM_CHANNEL_MAIN, BGM_OP_NOP, BGM_TYPE_PROG0_VOL, 70, 64
072C:   1A00                                                                                    break                   0

off_072E:
072E:   1600                                                                                    eswitch                 0

off_0730:
0730:   11000800                                                                                do                      0, off_073C
0734:   02                                                                                      evt_next
0735:   00                                                                                      nop
0736:   1204                                                                                    edwhile                 off_073C
0738:   21010B00                                                                                ck                      FG_STATUS, 11, 0

off_073C:
073C:   1000                                                                                    ewhile                  0

off_073E:
073E:   0100                                                                                    evt_end                 0
