.version 2

.init
.proc init
19B2:   3B0001510000204E204E01000100A5F50000A9C6080805030700280400000000                        door_aot_se             0, SCE_DOOR, SAT_PL | SAT_MANUAL | SAT_UNDER, 0, 0, 20000, 20000, 1, 1, -2651, 0, -14679, 2056, 5, 3, 7, 0, 40, 4, 0, 0, UNLOCKED, 0
19D2:   44000024000000330031B9CD00009AE49F0400000000                                            sce_em_set              0, 0, ENEMY_LICKER_GREY, 0, 0, 0, 51, 0, 49, -12871, 0, -7014, 1183, 0, 0
19E8:   44000124000000330032ECD60000E1C1650800000000                                            sce_em_set              0, 1, ENEMY_LICKER_GREY, 0, 0, 0, 51, 0, 50, -10516, 0, -15903, 2149, 0, 0
19FE:   2D0000000000040000000A0010003A9E000064A5000000080000000000000000000000000000            obj_model_set           0, 0, 0, 0, 0, 4, 0, 10, 16, -25030, 0, -23196, 0, 2048, 0, 0, 0, 0, 0, 0, 0, 0, 0
1A24:   3A000F0800000014D0EEE40C4CD20000                                                        sce_espr_on             0, 2063, 0, 5120, -4400, 3300, -11700, 0
1A34:   3A000F0800008013D8F5E40C4CD20000                                                        sce_espr_on             0, 2063, 0, 4992, -2600, 3300, -11700, 0
1A44:   3A000F08000000138CF1E40CE0CA0000                                                        sce_espr_on             0, 2063, 0, 4864, -3700, 3300, -13600, 0
1A54:   3A000F0800000018E0FCE40CF8C60000                                                        sce_espr_on             0, 2063, 0, 6144, -800, 3300, -14600, 0
1A64:   3A000F080000001C50FBE40CB8C00000                                                        sce_espr_on             0, 2063, 0, 7168, -1200, 3300, -16200, 0
1A74:   3A000F080000001954F2E40C8CBF0000                                                        sce_espr_on             0, 2063, 0, 6400, -3500, 3300, -16500, 0
1A84:   3A000F080000001DF0F1E40C90B60000                                                        sce_espr_on             0, 2063, 0, 7424, -3600, 3300, -18800, 0
1A94:   3A000F08000080187CFCE40CFCBD0000                                                        sce_espr_on             0, 2063, 0, 6272, -900, 3300, -16900, 0
1AA4:   3A000F080000001834EFE40C4CD20000                                                        sce_espr_on             0, 2063, 0, 6144, -4300, 3300, -11700, 0
1AB4:   3A000F080000001474F5E40C4CD20000                                                        sce_espr_on             0, 2063, 0, 5120, -2700, 3300, -11700, 0
1AC4:   3A000F08000000108CF1E40C44CB0000                                                        sce_espr_on             0, 2063, 0, 4096, -3700, 3300, -13500, 0
1AD4:   3A000F0800000018E0FCE40C94C60000                                                        sce_espr_on             0, 2063, 0, 6144, -800, 3300, -14700, 0
1AE4:   3A000F0800000012B4FBE40CB8C00000                                                        sce_espr_on             0, 2063, 0, 4608, -1100, 3300, -16200, 0
1AF4:   3A000F080000001CF0F1E40C8CBF0000                                                        sce_espr_on             0, 2063, 0, 7168, -3600, 3300, -16500, 0
1B04:   3A000F080000001AF0F1E40CF4B60000                                                        sce_espr_on             0, 2063, 0, 6656, -3600, 3300, -18700, 0
1B14:   3A000F08000000167CFCE40C98BD0000                                                        sce_espr_on             0, 2063, 0, 5632, -900, 3300, -17000, 0
1B24:   0100                                                                                    evt_end                 0

.main
.proc main
1B4C:   2C0105510000EC9B9FA1DA07E407FF00180D0000                                                aot_set                 1, SCE_EVENT, SAT_PL | SAT_MANUAL | SAT_UNDER, 0, 0, -25620, -24161, 2010, 2020, 255, 0, I_GOSUB, main_0D, 0, 0
1B60:   2C02053100000B1945E294071009FF0018050000                                                aot_set                 2, SCE_EVENT, SAT_PL | SAT_MANUAL | SAT_FRONT, 0, 0, 6411, -7611, 1940, 2320, 255, 0, I_GOSUB, main_05, 0, 0
1B74:   2C0305310000D8E198B808075014FF0018080000                                                aot_set                 3, SCE_EVENT, SAT_PL | SAT_MANUAL | SAT_FRONT, 0, 0, -7720, -18280, 1800, 5200, 255, 0, I_GOSUB, main_08, 0, 0
1B88:   04FF1809                                                                                evt_exec                255, I_GOSUB, main_09
1B8C:   04FF1811                                                                                evt_exec                255, I_GOSUB, main_11
1B90:   0100                                                                                    evt_end                 0

.proc aot
1B92:   0100                                                                                    evt_end                 0

.proc main_02
1B94:   46050000000000000000                                                                    aot_reset               5, SCE_AUTO, SAT_AUTO, 0, 0, 0, 0, 0, 0
1B9E:   06000E00                                                                                if                      0, off_1BB0
1BA2:   21073100                                                                                ck                      FG_7, 49, 0
1BA6:   2E0301                                                                                  work_set                WK_ENEMY, 1
1BA9:   00                                                                                      nop
1BAA:   34170100                                                                                member_set              23, 1, 0
1BAE:   08                                                                                      endif
1BAF:   00                                                                                      nop

off_1BB0:
1BB0:   0100                                                                                    evt_end                 0

.proc main_03
1BB2:   46060000000000000000                                                                    aot_reset               6, SCE_AUTO, SAT_AUTO, 0, 0, 0, 0, 0, 0
1BBC:   06000E00                                                                                if                      0, off_1BCE
1BC0:   21073200                                                                                ck                      FG_7, 50, 0
1BC4:   2E0302                                                                                  work_set                WK_ENEMY, 2
1BC7:   00                                                                                      nop
1BC8:   34170100                                                                                member_set              23, 1, 0
1BCC:   08                                                                                      endif
1BCD:   00                                                                                      nop

off_1BCE:
1BCE:   0100                                                                                    evt_end                 0

.proc main_04
1BD0:   02                                                                                      evt_next

off_1BD1:
1BD1:   2E0300                                                                                  work_set                WK_ENEMY, 0
1BD4:   06000C00                                                                                if                      0, off_1BE4
1BD8:   21052001                                                                                ck                      FG_GENERAL_2, 32, 1
1BDC:   34170100                                                                                member_set              23, 1, 0
1BE0:   07000A00                                                                                else                    0, off_1BEA

off_1BE4:
1BE4:   34170000                                                                                member_set              23, 0, 0
1BE8:   00                                                                                      nop
1BE9:   00                                                                                      nop

off_1BEA:
1BEA:   02                                                                                      evt_next
1BEB:   00                                                                                      nop
1BEC:   17FFFF00E5FF                                                                            goto                    255, 255, 0, off_1BD1
1BF2:   0100                                                                                    evt_end                 0

.proc main_05
1BF4:   46020000000000000000                                                                    aot_reset               2, SCE_AUTO, SAT_AUTO, 0, 0, 0, 0, 0, 0
1BFE:   22020001                                                                                set                     FG_STATE, 0, 1
1C02:   22020701                                                                                set                     FG_STATE, 7, 1
1C06:   22020201                                                                                set                     FG_STATE, 2, 1
1C0A:   06005600                                                                                if                      0, off_1C64
1C0E:   21049100                                                                                ck                      FG_GENERAL_1, 145, 0
1C12:   2909                                                                                    cut_chg                 9
1C14:   2B00000000FF                                                                            message_on              0, 0, 0, 0, 255
1C1A:   02                                                                                      evt_next
1C1B:   00                                                                                      nop
1C1C:   06003000                                                                                if                      0, off_1C50
1C20:   210B1F00                                                                                ck                      FG_INPUT, F_QUESTION, 0
1C24:   22049101                                                                                set                     FG_GENERAL_1, 145, 1
1C28:   22160100                                                                                set                     22, 1, 0
1C2C:   36020A010100000000000000                                                                se_on                   2, 266, 1, 0, 0, 0
1C38:   090A0200                                                                                sleep                   10, 2
1C3C:   36020B010100000000000000                                                                se_on                   2, 267, 1, 0, 0, 0
1C48:   090A1C00                                                                                sleep                   10, 28
1C4C:   07001200                                                                                else                    0, off_1C5E

off_1C50:
1C50:   360405000000000000000000                                                                se_on                   4, 5, 0, 0, 0, 0
1C5C:   00                                                                                      nop
1C5D:   00                                                                                      nop

off_1C5E:
1C5E:   2A                                                                                      cut_old
1C5F:   00                                                                                      nop
1C60:   07000E00                                                                                else                    0, off_1C6E

off_1C64:
1C64:   2B00010000FF                                                                            message_on              0, 1, 0, 0, 255
1C6A:   02                                                                                      evt_next
1C6B:   00                                                                                      nop
1C6C:   00                                                                                      nop
1C6D:   00                                                                                      nop

off_1C6E:
1C6E:   22020200                                                                                set                     FG_STATE, 2, 0
1C72:   22020000                                                                                set                     FG_STATE, 0, 0
1C76:   22020700                                                                                set                     FG_STATE, 7, 0
1C7A:   46020531FF0018050000                                                                    aot_reset               2, SCE_EVENT, SAT_PL | SAT_MANUAL | SAT_FRONT, 255, 0, I_GOSUB, main_05, 0, 0
1C84:   0100                                                                                    evt_end                 0

.proc main_06
1C86:   06001800                                                                                if                      0, off_1CA2
1C8A:   21073100                                                                                ck                      FG_7, 49, 0
1C8E:   2E0301                                                                                  work_set                WK_ENEMY, 1
1C91:   00                                                                                      nop
1C92:   3D1007                                                                                  member_copy             V_TEMP, 7
1C95:   00                                                                                      nop
1C96:   260005100080                                                                            calc                    0, OP_OR, V_TEMP, -32768
1C9C:   350710                                                                                  member_set2             7, V_TEMP
1C9F:   00                                                                                      nop
1CA0:   08                                                                                      endif
1CA1:   00                                                                                      nop

off_1CA2:
1CA2:   06001800                                                                                if                      0, off_1CBE
1CA6:   21073200                                                                                ck                      FG_7, 50, 0
1CAA:   2E0302                                                                                  work_set                WK_ENEMY, 2
1CAD:   00                                                                                      nop
1CAE:   3D1007                                                                                  member_copy             V_TEMP, 7
1CB1:   00                                                                                      nop
1CB2:   260005100080                                                                            calc                    0, OP_OR, V_TEMP, -32768
1CB8:   350710                                                                                  member_set2             7, V_TEMP
1CBB:   00                                                                                      nop
1CBC:   08                                                                                      endif
1CBD:   00                                                                                      nop

off_1CBE:
1CBE:   22051F01                                                                                set                     FG_GENERAL_2, 31, 1
1CC2:   0100                                                                                    evt_end                 0

.proc main_07
1CC4:   06001800                                                                                if                      0, off_1CE0
1CC8:   21073100                                                                                ck                      FG_7, 49, 0
1CCC:   2E0301                                                                                  work_set                WK_ENEMY, 1
1CCF:   00                                                                                      nop
1CD0:   3D1007                                                                                  member_copy             V_TEMP, 7
1CD3:   00                                                                                      nop
1CD4:   260007100080                                                                            calc                    0, OP_XOR, V_TEMP, -32768
1CDA:   350710                                                                                  member_set2             7, V_TEMP
1CDD:   00                                                                                      nop
1CDE:   08                                                                                      endif
1CDF:   00                                                                                      nop

off_1CE0:
1CE0:   06001800                                                                                if                      0, off_1CFC
1CE4:   21073200                                                                                ck                      FG_7, 50, 0
1CE8:   2E0302                                                                                  work_set                WK_ENEMY, 2
1CEB:   00                                                                                      nop
1CEC:   3D1007                                                                                  member_copy             V_TEMP, 7
1CEF:   00                                                                                      nop
1CF0:   260007100080                                                                            calc                    0, OP_XOR, V_TEMP, -32768
1CF6:   350710                                                                                  member_set2             7, V_TEMP
1CF9:   00                                                                                      nop
1CFA:   08                                                                                      endif
1CFB:   00                                                                                      nop

off_1CFC:
1CFC:   22051F00                                                                                set                     FG_GENERAL_2, 31, 0
1D00:   0100                                                                                    evt_end                 0

.proc main_08
1D02:   3C01                                                                                    cut_auto                1
1D04:   46030000000000000000                                                                    aot_reset               3, SCE_AUTO, SAT_AUTO, 0, 0, 0, 0, 0, 0
1D0E:   2B00020000EF                                                                            message_on              0, 2, 0, 0, 239
1D14:   02                                                                                      evt_next
1D15:   00                                                                                      nop
1D16:   46030531FF0018080000                                                                    aot_reset               3, SCE_EVENT, SAT_PL | SAT_MANUAL | SAT_FRONT, 255, 0, I_GOSUB, main_08, 0, 0
1D20:   0100                                                                                    evt_end                 0

.proc main_09
1D22:   22020701                                                                                set                     FG_STATE, 7, 1
1D26:   02                                                                                      evt_next
1D27:   00                                                                                      nop
1D28:   04FF180A                                                                                evt_exec                255, I_GOSUB, main_0A
1D2C:   04FF180B                                                                                evt_exec                255, I_GOSUB, main_0B
1D30:   090A5A00                                                                                sleep                   10, 90
1D34:   22020700                                                                                set                     FG_STATE, 7, 0
1D38:   0100                                                                                    evt_end                 0

.proc main_0A
1D3A:   2E0400                                                                                  work_set                WK_OBJECT, 0
1D3D:   00                                                                                      nop
1D3E:   340CA0F6                                                                                member_set              12, 160, 246
1D42:   2F012800                                                                                speed_set               1, 40
1D46:   0D0004000200                                                                            for                     0, off_1D50, 2
1D4C:   30                                                                                      add_speed
1D4D:   02                                                                                      evt_next
1D4E:   0E00                                                                                    next                    0

off_1D50:
1D50:   8B645A000000                                                                            nop_8b                  100, 90, 0, 0, 0
1D56:   8C00A05014005700                                                                        nop_8c                  0, 160, 80, 20, 0, 87, 0
1D5E:   8A0003005500                                                                            nop_8a                  0, 3, 0, 85, 0
1D64:   360001000000000000000000                                                                se_on                   0, 1, 0, 0, 0, 0
1D70:   0D0004000800                                                                            for                     0, off_1D7A, 8
1D76:   30                                                                                      add_speed
1D77:   02                                                                                      evt_next
1D78:   0E00                                                                                    next                    0

off_1D7A:
1D7A:   2F012300                                                                                speed_set               1, 35
1D7E:   0D0004001400                                                                            for                     0, off_1D88, 20
1D84:   30                                                                                      add_speed
1D85:   02                                                                                      evt_next
1D86:   0E00                                                                                    next                    0

off_1D88:
1D88:   2F011E00                                                                                speed_set               1, 30
1D8C:   0D0004000F00                                                                            for                     0, off_1D96, 15
1D92:   30                                                                                      add_speed
1D93:   02                                                                                      evt_next
1D94:   0E00                                                                                    next                    0

off_1D96:
1D96:   2F011900                                                                                speed_set               1, 25
1D9A:   0D0004000F00                                                                            for                     0, off_1DA4, 15
1DA0:   30                                                                                      add_speed
1DA1:   02                                                                                      evt_next
1DA2:   0E00                                                                                    next                    0

off_1DA4:
1DA4:   2F011400                                                                                speed_set               1, 20
1DA8:   0D0004000F00                                                                            for                     0, off_1DB2, 15
1DAE:   30                                                                                      add_speed
1DAF:   02                                                                                      evt_next
1DB0:   0E00                                                                                    next                    0

off_1DB2:
1DB2:   2F010F00                                                                                speed_set               1, 15
1DB6:   0D0004000A00                                                                            for                     0, off_1DC0, 10
1DBC:   30                                                                                      add_speed
1DBD:   02                                                                                      evt_next
1DBE:   0E00                                                                                    next                    0

off_1DC0:
1DC0:   3D100C                                                                                  member_copy             V_TEMP, 12
1DC3:   00                                                                                      nop
1DC4:   260001100A00                                                                            calc                    0, OP_SUB, V_TEMP, 10
1DCA:   350C10                                                                                  member_set2             12, V_TEMP
1DCD:   00                                                                                      nop
1DCE:   090A0500                                                                                sleep                   10, 5
1DD2:   3D100C                                                                                  member_copy             V_TEMP, 12
1DD5:   00                                                                                      nop
1DD6:   260000102300                                                                            calc                    0, OP_ADD, V_TEMP, 35
1DDC:   350C10                                                                                  member_set2             12, V_TEMP
1DDF:   00                                                                                      nop
1DE0:   0100                                                                                    evt_end                 0

.proc main_0B
1DE2:   2E0100                                                                                  work_set                WK_PLAYER, 0
1DE5:   00                                                                                      nop
1DE6:   3200629EA0F6CEA5                                                                        pos_set                 0, -24990, -2400, -23090
1DEE:   340F0000                                                                                member_set              15, 0, 0
1DF2:   3D1000                                                                                  member_copy             V_TEMP, 0
1DF5:   00                                                                                      nop
1DF6:   260005100004                                                                            calc                    0, OP_OR, V_TEMP, 1024
1DFC:   350010                                                                                  member_set2             0, V_TEMP
1DFF:   00                                                                                      nop
1E00:   180C                                                                                    gosub                   main_0C
1E02:   3D1000                                                                                  member_copy             V_TEMP, 0
1E05:   00                                                                                      nop
1E06:   26000610FFFB                                                                            calc                    0, OP_AND, V_TEMP, -1025
1E0C:   350010                                                                                  member_set2             0, V_TEMP
1E0F:   00                                                                                      nop
1E10:   0100                                                                                    evt_end                 0

.proc main_0C
1E12:   2F012800                                                                                speed_set               1, 40
1E16:   0D0004000A00                                                                            for                     0, off_1E20, 10
1E1C:   30                                                                                      add_speed
1E1D:   02                                                                                      evt_next
1E1E:   0E00                                                                                    next                    0

off_1E20:
1E20:   2F012300                                                                                speed_set               1, 35
1E24:   0D0004001400                                                                            for                     0, off_1E2E, 20
1E2A:   30                                                                                      add_speed
1E2B:   02                                                                                      evt_next
1E2C:   0E00                                                                                    next                    0

off_1E2E:
1E2E:   2F011E00                                                                                speed_set               1, 30
1E32:   0D0004000F00                                                                            for                     0, off_1E3C, 15
1E38:   30                                                                                      add_speed
1E39:   02                                                                                      evt_next
1E3A:   0E00                                                                                    next                    0

off_1E3C:
1E3C:   2F011900                                                                                speed_set               1, 25
1E40:   0D0004000F00                                                                            for                     0, off_1E4A, 15
1E46:   30                                                                                      add_speed
1E47:   02                                                                                      evt_next
1E48:   0E00                                                                                    next                    0

off_1E4A:
1E4A:   2F011400                                                                                speed_set               1, 20
1E4E:   0D0004000F00                                                                            for                     0, off_1E58, 15
1E54:   30                                                                                      add_speed
1E55:   02                                                                                      evt_next
1E56:   0E00                                                                                    next                    0

off_1E58:
1E58:   2F010F00                                                                                speed_set               1, 15
1E5C:   0D0004000A00                                                                            for                     0, off_1E66, 10
1E62:   30                                                                                      add_speed
1E63:   02                                                                                      evt_next
1E64:   0E00                                                                                    next                    0

off_1E66:
1E66:   3D100C                                                                                  member_copy             V_TEMP, 12
1E69:   00                                                                                      nop
1E6A:   260001100A00                                                                            calc                    0, OP_SUB, V_TEMP, 10
1E70:   350C10                                                                                  member_set2             12, V_TEMP
1E73:   00                                                                                      nop
1E74:   090A0500                                                                                sleep                   10, 5
1E78:   3D100C                                                                                  member_copy             V_TEMP, 12
1E7B:   00                                                                                      nop
1E7C:   260000102300                                                                            calc                    0, OP_ADD, V_TEMP, 35
1E82:   350C10                                                                                  member_set2             12, V_TEMP
1E85:   00                                                                                      nop
1E86:   0100                                                                                    evt_end                 0

.proc main_0D
1E88:   4700                                                                                    aot_on                  0
1E8A:   0100                                                                                    evt_end                 0

.proc main_0E
1E8C:   2E0100                                                                                  work_set                WK_PLAYER, 0
1E8F:   00                                                                                      nop
1E90:   32003F9500000CA4                                                                        pos_set                 0, -27329, 0, -23540
1E98:   3D1000                                                                                  member_copy             V_TEMP, 0
1E9B:   00                                                                                      nop
1E9C:   260005100004                                                                            calc                    0, OP_OR, V_TEMP, 1024
1EA2:   350010                                                                                  member_set2             0, V_TEMP
1EA5:   00                                                                                      nop
1EA6:   1810                                                                                    gosub                   main_10
1EA8:   3D1000                                                                                  member_copy             V_TEMP, 0
1EAB:   00                                                                                      nop
1EAC:   26000610FFFB                                                                            calc                    0, OP_AND, V_TEMP, -1025
1EB2:   350010                                                                                  member_set2             0, V_TEMP
1EB5:   00                                                                                      nop
1EB6:   0100                                                                                    evt_end                 0

.proc main_0F
1EB8:   2E0400                                                                                  work_set                WK_OBJECT, 0
1EBB:   00                                                                                      nop
1EBC:   340C0000                                                                                member_set              12, 0, 0
1EC0:   2F01D8FF                                                                                speed_set               1, -40
1EC4:   0D0004000200                                                                            for                     0, off_1ECE, 2
1ECA:   30                                                                                      add_speed
1ECB:   02                                                                                      evt_next
1ECC:   0E00                                                                                    next                    0

off_1ECE:
1ECE:   0D0004000800                                                                            for                     0, off_1ED8, 8
1ED4:   30                                                                                      add_speed
1ED5:   02                                                                                      evt_next
1ED6:   0E00                                                                                    next                    0

off_1ED8:
1ED8:   2F01DDFF                                                                                speed_set               1, -35
1EDC:   0D0004001400                                                                            for                     0, off_1EE6, 20
1EE2:   30                                                                                      add_speed
1EE3:   02                                                                                      evt_next
1EE4:   0E00                                                                                    next                    0

off_1EE6:
1EE6:   0100                                                                                    evt_end                 0

.proc main_10
1EE8:   2F01D8FF                                                                                speed_set               1, -40
1EEC:   0D0004000A00                                                                            for                     0, off_1EF6, 10
1EF2:   30                                                                                      add_speed
1EF3:   02                                                                                      evt_next
1EF4:   0E00                                                                                    next                    0

off_1EF6:
1EF6:   2F01DDFF                                                                                speed_set               1, -35
1EFA:   0D0004001400                                                                            for                     0, off_1F04, 20
1F00:   30                                                                                      add_speed
1F01:   02                                                                                      evt_next
1F02:   0E00                                                                                    next                    0

off_1F04:
1F04:   0100                                                                                    evt_end                 0

.proc main_11
1F06:   02                                                                                      evt_next

off_1F07:
1F07:   00                                                                                      nop
1F08:   131A1A01                                                                                switch                  26, off_2026
1F0C:   14000E000000                                                                            case                    0, off_1F20, 0
1F12:   510100015A40                                                                            sce_bgm_control         1, 0, 1, 90, 64
1F18:   510100023C40                                                                            sce_bgm_control         1, 0, 2, 60, 64
1F1E:   1A00                                                                                    break                   0

off_1F20:
1F20:   14000E000100                                                                            case                    0, off_1F34, 1
1F26:   510100015A40                                                                            sce_bgm_control         1, 0, 1, 90, 64
1F2C:   510100025040                                                                            sce_bgm_control         1, 0, 2, 80, 64
1F32:   1A00                                                                                    break                   0

off_1F34:
1F34:   14000E000200                                                                            case                    0, off_1F48, 2
1F3A:   510100015A40                                                                            sce_bgm_control         1, 0, 1, 90, 64
1F40:   510100026440                                                                            sce_bgm_control         1, 0, 2, 100, 64
1F46:   1A00                                                                                    break                   0

off_1F48:
1F48:   14000E000300                                                                            case                    0, off_1F5C, 3
1F4E:   510100015A40                                                                            sce_bgm_control         1, 0, 1, 90, 64
1F54:   510100026440                                                                            sce_bgm_control         1, 0, 2, 100, 64
1F5A:   1A00                                                                                    break                   0

off_1F5C:
1F5C:   14000E000400                                                                            case                    0, off_1F70, 4
1F62:   510100015A40                                                                            sce_bgm_control         1, 0, 1, 90, 64
1F68:   510100026440                                                                            sce_bgm_control         1, 0, 2, 100, 64
1F6E:   1A00                                                                                    break                   0

off_1F70:
1F70:   14000E000500                                                                            case                    0, off_1F84, 5
1F76:   510100015A40                                                                            sce_bgm_control         1, 0, 1, 90, 64
1F7C:   510100026440                                                                            sce_bgm_control         1, 0, 2, 100, 64
1F82:   1A00                                                                                    break                   0

off_1F84:
1F84:   14000E000600                                                                            case                    0, off_1F98, 6
1F8A:   510100015A40                                                                            sce_bgm_control         1, 0, 1, 90, 64
1F90:   510100027840                                                                            sce_bgm_control         1, 0, 2, 120, 64
1F96:   1A00                                                                                    break                   0

off_1F98:
1F98:   14000E000700                                                                            case                    0, off_1FAC, 7
1F9E:   510100015A40                                                                            sce_bgm_control         1, 0, 1, 90, 64
1FA4:   510100025040                                                                            sce_bgm_control         1, 0, 2, 80, 64
1FAA:   1A00                                                                                    break                   0

off_1FAC:
1FAC:   14000E000800                                                                            case                    0, off_1FC0, 8
1FB2:   510100015A40                                                                            sce_bgm_control         1, 0, 1, 90, 64
1FB8:   510100025040                                                                            sce_bgm_control         1, 0, 2, 80, 64
1FBE:   1A00                                                                                    break                   0

off_1FC0:
1FC0:   14000E000900                                                                            case                    0, off_1FD4, 9
1FC6:   510100015A40                                                                            sce_bgm_control         1, 0, 1, 90, 64
1FCC:   510100025040                                                                            sce_bgm_control         1, 0, 2, 80, 64
1FD2:   1A00                                                                                    break                   0

off_1FD4:
1FD4:   14000E000A00                                                                            case                    0, off_1FE8, 10
1FDA:   510100015A40                                                                            sce_bgm_control         1, 0, 1, 90, 64
1FE0:   510100026440                                                                            sce_bgm_control         1, 0, 2, 100, 64
1FE6:   1A00                                                                                    break                   0

off_1FE8:
1FE8:   14000E000B00                                                                            case                    0, off_1FFC, 11
1FEE:   510100015A40                                                                            sce_bgm_control         1, 0, 1, 90, 64
1FF4:   510100025040                                                                            sce_bgm_control         1, 0, 2, 80, 64
1FFA:   1A00                                                                                    break                   0

off_1FFC:
1FFC:   14000E000C00                                                                            case                    0, off_2010, 12
2002:   510100015A40                                                                            sce_bgm_control         1, 0, 1, 90, 64
2008:   510100025040                                                                            sce_bgm_control         1, 0, 2, 80, 64
200E:   1A00                                                                                    break                   0

off_2010:
2010:   14000E000D00                                                                            case                    0, off_2024, 13
2016:   510100015A40                                                                            sce_bgm_control         1, 0, 1, 90, 64
201C:   510100025040                                                                            sce_bgm_control         1, 0, 2, 80, 64
2022:   1A00                                                                                    break                   0

off_2024:
2024:   1600                                                                                    eswitch                 0

off_2026:
2026:   11000800                                                                                do                      0, off_2032
202A:   02                                                                                      evt_next
202B:   00                                                                                      nop
202C:   1204                                                                                    edwhile                 off_2032
202E:   21010B00                                                                                ck                      FG_GAME, 11, 0

off_2032:
2032:   17FFFF00D5FE                                                                            goto                    255, 255, 0, off_1F07
2038:   0100                                                                                    evt_end                 0
