.version 2
.init
.proc init_00
1596:   3B0101310000EDB725CDC4094407F5C7000082E140FC000A0400030000000000                        door_aot_se             1, SCE_DOOR, SAT_PL | SAT_MANUAL | SAT_FRONT, 0, 0, -18451, -13019, 2500, 1860, -14347, 0, -7806, -960, 0, 10, 4, 0, 3, 0, 0, 0, UNLOCKED, 0
15B6:   2C090431000067A68ECCCE09140502000000FFFF                                                aot_set                 9, SCE_MESSAGE, SAT_PL | SAT_MANUAL | SAT_FRONT, 0, 0, -22937, -13170, 2510, 1300, 2, 0, 0, 0, 255, 255
15CA:   2C0A0431000057B14EB20C084C0903000000FFFF                                                aot_set                 10, SCE_MESSAGE, SAT_PL | SAT_MANUAL | SAT_FRONT, 0, 0, -20137, -19890, 2060, 2380, 3, 0, 0, 0, 255, 255
15DE:   2C0B043100003795FCB3880EE80804000000FFFF                                                aot_set                 11, SCE_MESSAGE, SAT_PL | SAT_MANUAL | SAT_FRONT, 0, 0, -27337, -19460, 3720, 2280, 4, 0, 0, 0, 255, 255
15F2:   2C0C043100004B95C6C6260CCE0905000000FFFF                                                aot_set                 12, SCE_MESSAGE, SAT_PL | SAT_MANUAL | SAT_FRONT, 0, 0, -27317, -14650, 3110, 2510, 5, 0, 0, 0, 255, 255
1606:   06001A00                                                                                if                      0, off_1624
160A:   21041200                                                                                ck                      4, 18, 0
160E:   2C0E06210000B7A114974006E4020A0033000100                                                aot_set                 14, SCE_FLAG_CHG, SAT_PL | SAT_FRONT, 0, 0, -24137, -26860, 1600, 740, 10, 0, 51, 0, 1, 0
1622:   08                                                                                      endif
1623:   00                                                                                      nop

off_1624:
1624:   06001A00                                                                                if                      0, off_1642
1628:   21041300                                                                                ck                      4, 19, 0
162C:   2C0F0621000063AFB096A00534030A0033000100                                                aot_set                 15, SCE_FLAG_CHG, SAT_PL | SAT_FRONT, 0, 0, -20637, -26960, 1440, 820, 10, 0, 51, 0, 1, 0
1640:   08                                                                                      endif
1641:   00                                                                                      nop

off_1642:
1642:   2D0000000000000000000A001200835BD2F67B6600FE00000000000000000000000000000000            obj_model_set           0, 0, 0, 0, 0, 0, 0, 10, 18, 23427, -2350, 26235, -512, 0, 0, 0, 0, 0, 0, 0, 0, 0, 0
1668:   2D0100000000000000000A001200634DD2F67B6600FE00000000000000000000000000000000            obj_model_set           1, 0, 0, 0, 0, 0, 0, 10, 18, 19811, -2350, 26235, -512, 0, 0, 0, 0, 0, 0, 0, 0, 0, 0
168E:   06001200                                                                                if                      0, off_16A4
1692:   21041201                                                                                ck                      4, 18, 1
1696:   2E0400                                                                                  work_set                WK_OBJECT, 0
1699:   00                                                                                      nop
169A:   3200B9A4A4F67699                                                                        pos_set                 0, -23367, -2396, -26250
16A2:   08                                                                                      endif
16A3:   00                                                                                      nop

off_16A4:
16A4:   06001200                                                                                if                      0, off_16BA
16A8:   21041301                                                                                ck                      4, 19, 1
16AC:   2E0401                                                                                  work_set                WK_OBJECT, 1
16AF:   00                                                                                      nop
16B0:   320079B2A4F67699                                                                        pos_set                 0, -19847, -2396, -26250
16B8:   08                                                                                      endif
16B9:   00                                                                                      nop

off_16BA:
16BA:   06001600                                                                                if                      0, off_16D4
16BE:   21042B01                                                                                ck                      4, 43, 1
16C2:   4B0A0B                                                                                  cut_replace             10, 11
16C5:   4B020C                                                                                  cut_replace             2, 12
16C8:   4B030D                                                                                  cut_replace             3, 13
16CB:   4B040E                                                                                  cut_replace             4, 14
16CE:   4B050F                                                                                  cut_replace             5, 15
16D1:   00                                                                                      nop
16D2:   08                                                                                      endif
16D3:   00                                                                                      nop

off_16D4:
16D4:   06004400                                                                                if                      0, off_171C
16D8:   21010100                                                                                ck                      1, 1, 0
16DC:   4E020231000075B2CD982A0894075A000200610003A0                                            item_aot_set            2, SCE_ITEM, SAT_PL | SAT_MANUAL | SAT_FRONT, 0, 0, -19851, -26419, 2090, 1940, ITEM_DIAMONDKEY, 2, 97, 3, 160
16F2:   2D0300000000000000000A001000A7B730F8A49AC004000040F3000000000000000000000000            obj_model_set           3, 0, 0, 0, 0, 0, 0, 10, 16, -18521, -2000, -25948, 1216, 0, -3264, 0, 0, 0, 0, 0, 0, 0, 0
1718:   07004200                                                                                else                    0, off_175A

off_171C:
171C:   4E020231000075B2CD982A08940735000100620004C0                                            item_aot_set            2, SCE_ITEM, SAT_PL | SAT_MANUAL | SAT_FRONT, 0, 0, -19851, -26419, 2090, 1940, ITEM_BLUECARD, 1, 98, 4, 192
1732:   2D0400000000000000000A001000A7B730F8A49AC004000040F3000000000000000000000000            obj_model_set           4, 0, 0, 0, 0, 0, 0, 10, 16, -18521, -2000, -25948, 1216, 0, -3264, 0, 0, 0, 0, 0, 0, 0, 0
1758:   00                                                                                      nop
1759:   00                                                                                      nop

off_175A:
175A:   06001C00                                                                                if                      0, off_177A
175E:   21001901                                                                                ck                      0, 25, 1
1762:   4E050231000049B10DB3C409EE071E000300DC00FF00                                            item_aot_set            5, SCE_ITEM, SAT_PL | SAT_MANUAL | SAT_FRONT, 0, 0, -20151, -19699, 2500, 2030, ITEM_INKRIBBON, 3, 220, 255, 0
1778:   08                                                                                      endif
1779:   00                                                                                      nop

off_177A:
177A:   0100                                                                                    evt_end                 0

.main
.proc main_00
179C:   06002200                                                                                if                      0, off_17C2
17A0:   2104FE01                                                                                ck                      4, 254, 1
17A4:   22041200                                                                                set                     4, 18, 0
17A8:   22041300                                                                                set                     4, 19, 0
17AC:   22042B00                                                                                set                     4, 43, 0
17B0:   22085F00                                                                                set                     8, 95, 0
17B4:   22086000                                                                                set                     8, 96, 0
17B8:   2204AB00                                                                                set                     4, 171, 0
17BC:   22061400                                                                                set                     6, 20, 0
17C0:   08                                                                                      endif
17C1:   00                                                                                      nop

off_17C2:
17C2:   1804                                                                                    gosub                   4
17C4:   4E100231000000000000010001003800010060000200                                            item_aot_set            16, SCE_ITEM, SAT_PL | SAT_MANUAL | SAT_FRONT, 0, 0, 0, 0, 1, 1, ITEM_JAGUARSTONEL, 1, 96, 2, 0
17DA:   2D0200000000000000000A001000CBAB09F4C09A40FF00000000000000000000000000000000            obj_model_set           2, 0, 0, 0, 0, 0, 0, 10, 16, -21557, -3063, -25920, -192, 0, 0, 0, 0, 0, 0, 0, 0, 0, 0
1800:   06001200                                                                                if                      0, off_1816
1804:   21042B00                                                                                ck                      4, 43, 0
1808:   2E0402                                                                                  work_set                WK_OBJECT, 2
180B:   00                                                                                      nop
180C:   3200000000000000                                                                        pos_set                 0, 0, 0, 0
1814:   08                                                                                      endif
1815:   00                                                                                      nop

off_1816:
1816:   0100                                                                                    evt_end                 0

.proc main_01
1818:   1805                                                                                    gosub                   5
181A:   0100                                                                                    evt_end                 0

.proc main_02
181C:   57000B0116FF0000                                                                        sce_bgmtbl_set          0, 11, 1, 65302, 0
1824:   0100                                                                                    evt_end                 0

.proc main_03
1826:   22020701                                                                                set                     2, 7, 1
182A:   22020201                                                                                set                     2, 2, 1
182E:   22020301                                                                                set                     2, 3, 1
1832:   06003600                                                                                if                      0, off_186C
1836:   21041201                                                                                ck                      4, 18, 1
183A:   21041301                                                                                ck                      4, 19, 1
183E:   06001600                                                                                if                      0, off_1858
1842:   21086000                                                                                ck                      8, 96, 0
1846:   290B                                                                                    cut_chg                 11
1848:   090A1E00                                                                                sleep                   10, 30
184C:   4710                                                                                    aot_on                  16
184E:   02                                                                                      evt_next
184F:   290D                                                                                    cut_chg                 13
1851:   3C01                                                                                    cut_auto                1
1853:   00                                                                                      nop
1854:   07001400                                                                                else                    0, off_1868

off_1858:
1858:   290B                                                                                    cut_chg                 11
185A:   2B000700FFFF                                                                            message_on              0, 7, 0, 255, 255
1860:   02                                                                                      evt_next
1861:   290D                                                                                    cut_chg                 13
1863:   3C01                                                                                    cut_auto                1
1865:   00                                                                                      nop
1866:   00                                                                                      nop
1867:   00                                                                                      nop

off_1868:
1868:   07001400                                                                                else                    0, off_187C

off_186C:
186C:   290A                                                                                    cut_chg                 10
186E:   2B000100FFFF                                                                            message_on              0, 1, 0, 255, 255
1874:   02                                                                                      evt_next
1875:   2903                                                                                    cut_chg                 3
1877:   3C01                                                                                    cut_auto                1
1879:   00                                                                                      nop
187A:   00                                                                                      nop
187B:   00                                                                                      nop

off_187C:
187C:   22020300                                                                                set                     2, 3, 0
1880:   22020200                                                                                set                     2, 2, 0
1884:   22020700                                                                                set                     2, 7, 0
1888:   0100                                                                                    evt_end                 0

.proc main_04
188A:   2C0705310000B7A114974006E402FF0018080000                                                aot_set                 7, SCE_EVENT, SAT_PL | SAT_MANUAL | SAT_FRONT, 0, 0, -24137, -26860, 1600, 740, 255, 0, I_GOSUB, main_08, 0, 0
189E:   2C080531000063AFB096A0053403FF0018090000                                                aot_set                 8, SCE_EVENT, SAT_PL | SAT_MANUAL | SAT_FRONT, 0, 0, -20637, -26960, 1440, 820, 255, 0, I_GOSUB, main_09, 0, 0
18B2:   2C060531000071A654985A0A1806FF0018030000                                                aot_set                 6, SCE_EVENT, SAT_PL | SAT_MANUAL | SAT_FRONT, 0, 0, -22927, -26540, 2650, 1560, 255, 0, I_GOSUB, main_03, 0, 0
18C6:   06008600                                                                                if                      0, off_1950
18CA:   21010101                                                                                ck                      1, 1, 1
18CE:   06003200                                                                                if                      0, off_1904
18D2:   2104AB00                                                                                ck                      4, 171, 0
18D6:   440000221140000E0014F854D0BC3E4FC70300000000                                            sce_em_set              0, 0, ENEMY_LICKERRED, 17, 64, 0, 14, 0, 20, 21752, -17200, 20286, 967, 0, 0
18EC:   2C0D034100000D966AAE6829C409000000000000                                                aot_set                 13, SCE_NORMAL, SAT_PL | SAT_UNDER, 0, 0, -27123, -20886, 10600, 2500, 0, 0, 0, 0, 0, 0
1900:   07004E00                                                                                else                    0, off_194E

off_1904:
1904:   440000221000000E001408AB0000C2B0C70300000000                                            sce_em_set              0, 0, ENEMY_LICKERRED, 16, 0, 0, 14, 0, 20, -21752, 0, -20286, 967, 0, 0
191A:   380101                                                                                  flr_set                 1, 1
191D:   22120200                                                                                set                     18, 2, 0
1921:   221C0200                                                                                set                     28, 2, 0
1925:   22050301                                                                                set                     5, 3, 1
1929:   00                                                                                      nop
192A:   06001200                                                                                if                      0, off_1940
192E:   21061400                                                                                ck                      6, 20, 0
1932:   4B0204                                                                                  cut_replace             2, 4
1935:   4B0C0E                                                                                  cut_replace             12, 14
1938:   4B0107                                                                                  cut_replace             1, 7
193B:   00                                                                                      nop
193C:   07001000                                                                                else                    0, off_194C

off_1940:
1940:   4B0205                                                                                  cut_replace             2, 5
1943:   4B0C0F                                                                                  cut_replace             12, 15
1946:   4B0107                                                                                  cut_replace             1, 7
1949:   00                                                                                      nop
194A:   00                                                                                      nop
194B:   00                                                                                      nop

off_194C:
194C:   00                                                                                      nop
194D:   00                                                                                      nop

off_194E:
194E:   08                                                                                      endif
194F:   00                                                                                      nop

off_1950:
1950:   24041000                                                                                save                    4, 16
1954:   1807                                                                                    gosub                   7
1956:   2C0005310000EDB725CDC4094407FF0018060000                                                aot_set                 0, SCE_EVENT, SAT_PL | SAT_MANUAL | SAT_FRONT, 0, 0, -18451, -13019, 2500, 1860, 255, 0, I_GOSUB, main_06, 0, 0
196A:   0100                                                                                    evt_end                 0

.proc main_05
196C:   06002600                                                                                if                      0, off_1996
1970:   21041200                                                                                ck                      4, 18, 0
1974:   06001C00                                                                                if                      0, off_1994
1978:   230000000E00                                                                            cmp                     0, 0, CMP_EQ, 14
197E:   06001000                                                                                if                      0, off_1992
1982:   230002003300                                                                            cmp                     0, 2, CMP_EQ, 51
1988:   22041201                                                                                set                     4, 18, 1
198C:   04FF180A                                                                                evt_exec                255, I_GOSUB, main_0A
1990:   08                                                                                      endif
1991:   00                                                                                      nop

off_1992:
1992:   08                                                                                      endif
1993:   00                                                                                      nop

off_1994:
1994:   08                                                                                      endif
1995:   00                                                                                      nop

off_1996:
1996:   06002600                                                                                if                      0, off_19C0
199A:   21041300                                                                                ck                      4, 19, 0
199E:   06001C00                                                                                if                      0, off_19BE
19A2:   230000000F00                                                                            cmp                     0, 0, CMP_EQ, 15
19A8:   06001000                                                                                if                      0, off_19BC
19AC:   230002003300                                                                            cmp                     0, 2, CMP_EQ, 51
19B2:   22041301                                                                                set                     4, 19, 1
19B6:   04FF180B                                                                                evt_exec                255, I_GOSUB, main_0B
19BA:   08                                                                                      endif
19BB:   00                                                                                      nop

off_19BC:
19BC:   08                                                                                      endif
19BD:   00                                                                                      nop

off_19BE:
19BE:   08                                                                                      endif
19BF:   00                                                                                      nop

off_19C0:
19C0:   06006200                                                                                if                      0, off_1A26
19C4:   21010101                                                                                ck                      1, 1, 1
19C8:   06002400                                                                                if                      0, off_19F0
19CC:   5E35                                                                                    keep_item_ck            53
19CE:   06001C00                                                                                if                      0, off_19EE
19D2:   2104AB00                                                                                ck                      4, 171, 0
19D6:   06001200                                                                                if                      0, off_19EC
19DA:   230001000D00                                                                            cmp                     0, 1, CMP_EQ, 13
19E0:   2204AB01                                                                                set                     4, 171, 1
19E4:   04FF180D                                                                                evt_exec                255, I_GOSUB, main_0D
19E8:   1802                                                                                    gosub                   2
19EA:   08                                                                                      endif
19EB:   00                                                                                      nop

off_19EC:
19EC:   08                                                                                      endif
19ED:   00                                                                                      nop

off_19EE:
19EE:   08                                                                                      endif
19EF:   00                                                                                      nop

off_19F0:
19F0:   06002400                                                                                if                      0, off_1A18
19F4:   21061401                                                                                ck                      6, 20, 1
19F8:   06001A00                                                                                if                      0, off_1A16
19FC:   21050300                                                                                ck                      5, 3, 0
1A00:   06001000                                                                                if                      0, off_1A14
1A04:   21050200                                                                                ck                      5, 2, 0
1A08:   22050201                                                                                set                     5, 2, 1
1A0C:   510102000000                                                                            sce_bgm_control         1, 2, 0, 0, 0
1A12:   08                                                                                      endif
1A13:   00                                                                                      nop

off_1A14:
1A14:   08                                                                                      endif
1A15:   00                                                                                      nop

off_1A16:
1A16:   08                                                                                      endif
1A17:   00                                                                                      nop

off_1A18:
1A18:   06000800                                                                                if                      0, off_1A24
1A1C:   21050301                                                                                ck                      5, 3, 1
1A20:   1807                                                                                    gosub                   7
1A22:   08                                                                                      endif
1A23:   00                                                                                      nop

off_1A24:
1A24:   08                                                                                      endif
1A25:   00                                                                                      nop

off_1A26:
1A26:   0100                                                                                    evt_end                 0

.proc main_06
1A28:   510000010100                                                                            sce_bgm_control         0, 0, 1, 1, 0
1A2E:   4701                                                                                    aot_on                  1
1A30:   0100                                                                                    evt_end                 0

.proc main_07
1A32:   0600F600                                                                                if                      0, off_1B2C
1A36:   1D040401                                                                                work_copy               4, 4, 1
1A3A:   23001A050000                                                                            cmp                     0, 26, CMP_NE, 0
1A40:   131AE200                                                                                switch                  26, off_1B26
1A44:   140008000000                                                                            case                    0, off_1A52, 0
1A4A:   510000014040                                                                            sce_bgm_control         0, 0, 1, 64, 64
1A50:   1A00                                                                                    break                   0

off_1A52:
1A52:   140008000100                                                                            case                    0, off_1A60, 1
1A58:   510000014040                                                                            sce_bgm_control         0, 0, 1, 64, 64
1A5E:   1A00                                                                                    break                   0

off_1A60:
1A60:   140008000200                                                                            case                    0, off_1A6E, 2
1A66:   510000014040                                                                            sce_bgm_control         0, 0, 1, 64, 64
1A6C:   1A00                                                                                    break                   0

off_1A6E:
1A6E:   140008000300                                                                            case                    0, off_1A7C, 3
1A74:   510000014040                                                                            sce_bgm_control         0, 0, 1, 64, 64
1A7A:   1A00                                                                                    break                   0

off_1A7C:
1A7C:   140008000400                                                                            case                    0, off_1A8A, 4
1A82:   510000014040                                                                            sce_bgm_control         0, 0, 1, 64, 64
1A88:   1A00                                                                                    break                   0

off_1A8A:
1A8A:   140008000500                                                                            case                    0, off_1A98, 5
1A90:   510000014040                                                                            sce_bgm_control         0, 0, 1, 64, 64
1A96:   1A00                                                                                    break                   0

off_1A98:
1A98:   140008000600                                                                            case                    0, off_1AA6, 6
1A9E:   510000014040                                                                            sce_bgm_control         0, 0, 1, 64, 64
1AA4:   1A00                                                                                    break                   0

off_1AA6:
1AA6:   140008000700                                                                            case                    0, off_1AB4, 7
1AAC:   510000014040                                                                            sce_bgm_control         0, 0, 1, 64, 64
1AB2:   1A00                                                                                    break                   0

off_1AB4:
1AB4:   140008000800                                                                            case                    0, off_1AC2, 8
1ABA:   510000014040                                                                            sce_bgm_control         0, 0, 1, 64, 64
1AC0:   1A00                                                                                    break                   0

off_1AC2:
1AC2:   140008000900                                                                            case                    0, off_1AD0, 9
1AC8:   510000014040                                                                            sce_bgm_control         0, 0, 1, 64, 64
1ACE:   1A00                                                                                    break                   0

off_1AD0:
1AD0:   140008000A00                                                                            case                    0, off_1ADE, 10
1AD6:   510000014040                                                                            sce_bgm_control         0, 0, 1, 64, 64
1ADC:   1A00                                                                                    break                   0

off_1ADE:
1ADE:   140008000B00                                                                            case                    0, off_1AEC, 11
1AE4:   510000014040                                                                            sce_bgm_control         0, 0, 1, 64, 64
1AEA:   1A00                                                                                    break                   0

off_1AEC:
1AEC:   140008000C00                                                                            case                    0, off_1AFA, 12
1AF2:   510000014040                                                                            sce_bgm_control         0, 0, 1, 64, 64
1AF8:   1A00                                                                                    break                   0

off_1AFA:
1AFA:   140008000D00                                                                            case                    0, off_1B08, 13
1B00:   510000014040                                                                            sce_bgm_control         0, 0, 1, 64, 64
1B06:   1A00                                                                                    break                   0

off_1B08:
1B08:   140008000E00                                                                            case                    0, off_1B16, 14
1B0E:   510000014040                                                                            sce_bgm_control         0, 0, 1, 64, 64
1B14:   1A00                                                                                    break                   0

off_1B16:
1B16:   140008000F00                                                                            case                    0, off_1B24, 15
1B1C:   510000014040                                                                            sce_bgm_control         0, 0, 1, 64, 64
1B22:   1A00                                                                                    break                   0

off_1B24:
1B24:   1600                                                                                    eswitch                 0

off_1B26:
1B26:   25041A                                                                                  copy                    4, 26
1B29:   00                                                                                      nop
1B2A:   08                                                                                      endif
1B2B:   00                                                                                      nop

off_1B2C:
1B2C:   0100                                                                                    evt_end                 0

.proc main_08
1B2E:   22020701                                                                                set                     2, 7, 1
1B32:   22020201                                                                                set                     2, 2, 1
1B36:   22020301                                                                                set                     2, 3, 1
1B3A:   2909                                                                                    cut_chg                 9
1B3C:   06000E00                                                                                if                      0, off_1B4E
1B40:   21041200                                                                                ck                      4, 18, 0
1B44:   2B000000FFFF                                                                            message_on              0, 0, 0, 255, 255
1B4A:   07000C00                                                                                else                    0, off_1B56

off_1B4E:
1B4E:   2B000600FFFF                                                                            message_on              0, 6, 0, 255, 255
1B54:   00                                                                                      nop
1B55:   00                                                                                      nop

off_1B56:
1B56:   02                                                                                      evt_next
1B57:   00                                                                                      nop
1B58:   06000A00                                                                                if                      0, off_1B66
1B5C:   21042B00                                                                                ck                      4, 43, 0
1B60:   2903                                                                                    cut_chg                 3
1B62:   07000800                                                                                else                    0, off_1B6A

off_1B66:
1B66:   290D                                                                                    cut_chg                 13
1B68:   00                                                                                      nop
1B69:   00                                                                                      nop

off_1B6A:
1B6A:   3C01                                                                                    cut_auto                1
1B6C:   22020300                                                                                set                     2, 3, 0
1B70:   22020200                                                                                set                     2, 2, 0
1B74:   22020700                                                                                set                     2, 7, 0
1B78:   0100                                                                                    evt_end                 0

.proc main_09
1B7A:   22020701                                                                                set                     2, 7, 1
1B7E:   22020201                                                                                set                     2, 2, 1
1B82:   22020301                                                                                set                     2, 3, 1
1B86:   2908                                                                                    cut_chg                 8
1B88:   06000E00                                                                                if                      0, off_1B9A
1B8C:   21041300                                                                                ck                      4, 19, 0
1B90:   2B000000FFFF                                                                            message_on              0, 0, 0, 255, 255
1B96:   07000C00                                                                                else                    0, off_1BA2

off_1B9A:
1B9A:   2B000600FFFF                                                                            message_on              0, 6, 0, 255, 255
1BA0:   00                                                                                      nop
1BA1:   00                                                                                      nop

off_1BA2:
1BA2:   02                                                                                      evt_next
1BA3:   00                                                                                      nop
1BA4:   06000A00                                                                                if                      0, off_1BB2
1BA8:   21042B00                                                                                ck                      4, 43, 0
1BAC:   2903                                                                                    cut_chg                 3
1BAE:   07000800                                                                                else                    0, off_1BB6

off_1BB2:
1BB2:   290D                                                                                    cut_chg                 13
1BB4:   00                                                                                      nop
1BB5:   00                                                                                      nop

off_1BB6:
1BB6:   3C01                                                                                    cut_auto                1
1BB8:   22020300                                                                                set                     2, 3, 0
1BBC:   22020200                                                                                set                     2, 2, 0
1BC0:   22020700                                                                                set                     2, 7, 0
1BC4:   0100                                                                                    evt_end                 0

.proc main_0A
1BC6:   22020701                                                                                set                     2, 7, 1
1BCA:   22020201                                                                                set                     2, 2, 1
1BCE:   22020301                                                                                set                     2, 3, 1
1BD2:   2909                                                                                    cut_chg                 9
1BD4:   6233                                                                                    sce_item_lost           51
1BD6:   460E0041000000000000                                                                    aot_reset               14, SCE_AUTO, SAT_PL | SAT_UNDER, 0, 0, 0, 0, 0, 0
1BE0:   2E0400                                                                                  work_set                WK_OBJECT, 0
1BE3:   00                                                                                      nop
1BE4:   3200B9A4A4F67699                                                                        pos_set                 0, -23367, -2396, -26250
1BEC:   090A0300                                                                                sleep                   10, 3
1BF0:   36020B000000B1A48DF67699                                                                se_on                   2, 11, 0, -23375, -2419, -26250
1BFC:   090A3C00                                                                                sleep                   10, 60
1C00:   2903                                                                                    cut_chg                 3
1C02:   3C01                                                                                    cut_auto                1
1C04:   06002200                                                                                if                      0, off_1C2A
1C08:   21041201                                                                                ck                      4, 18, 1
1C0C:   06001800                                                                                if                      0, off_1C28
1C10:   21041301                                                                                ck                      4, 19, 1
1C14:   06000E00                                                                                if                      0, off_1C26
1C18:   21042B00                                                                                ck                      4, 43, 0
1C1C:   22042B01                                                                                set                     4, 43, 1
1C20:   04FF180C                                                                                evt_exec                255, I_GOSUB, main_0C
1C24:   08                                                                                      endif
1C25:   00                                                                                      nop

off_1C26:
1C26:   08                                                                                      endif
1C27:   00                                                                                      nop

off_1C28:
1C28:   08                                                                                      endif
1C29:   00                                                                                      nop

off_1C2A:
1C2A:   22020300                                                                                set                     2, 3, 0
1C2E:   22020200                                                                                set                     2, 2, 0
1C32:   22020700                                                                                set                     2, 7, 0
1C36:   0100                                                                                    evt_end                 0

.proc main_0B
1C38:   22020701                                                                                set                     2, 7, 1
1C3C:   22020201                                                                                set                     2, 2, 1
1C40:   22020301                                                                                set                     2, 3, 1
1C44:   2908                                                                                    cut_chg                 8
1C46:   6233                                                                                    sce_item_lost           51
1C48:   460F0041000000000000                                                                    aot_reset               15, SCE_AUTO, SAT_PL | SAT_UNDER, 0, 0, 0, 0, 0, 0
1C52:   2E0401                                                                                  work_set                WK_OBJECT, 1
1C55:   00                                                                                      nop
1C56:   320079B2A4F67699                                                                        pos_set                 0, -19847, -2396, -26250
1C5E:   090A0300                                                                                sleep                   10, 3
1C62:   36020B00000088B28DF67699                                                                se_on                   2, 11, 0, -19832, -2419, -26250
1C6E:   090A3C00                                                                                sleep                   10, 60
1C72:   2903                                                                                    cut_chg                 3
1C74:   3C01                                                                                    cut_auto                1
1C76:   06002200                                                                                if                      0, off_1C9C
1C7A:   21041201                                                                                ck                      4, 18, 1
1C7E:   06001800                                                                                if                      0, off_1C9A
1C82:   21041301                                                                                ck                      4, 19, 1
1C86:   06000E00                                                                                if                      0, off_1C98
1C8A:   21042B00                                                                                ck                      4, 43, 0
1C8E:   22042B01                                                                                set                     4, 43, 1
1C92:   04FF180C                                                                                evt_exec                255, I_GOSUB, main_0C
1C96:   08                                                                                      endif
1C97:   00                                                                                      nop

off_1C98:
1C98:   08                                                                                      endif
1C99:   00                                                                                      nop

off_1C9A:
1C9A:   08                                                                                      endif
1C9B:   00                                                                                      nop

off_1C9C:
1C9C:   22020300                                                                                set                     2, 3, 0
1CA0:   22020200                                                                                set                     2, 2, 0
1CA4:   22020700                                                                                set                     2, 7, 0
1CA8:   0100                                                                                    evt_end                 0

.proc main_0C
1CAA:   22020701                                                                                set                     2, 7, 1
1CAE:   22020201                                                                                set                     2, 2, 1
1CB2:   22020301                                                                                set                     2, 3, 1
1CB6:   4B0A0B                                                                                  cut_replace             10, 11
1CB9:   4B020C                                                                                  cut_replace             2, 12
1CBC:   4B030D                                                                                  cut_replace             3, 13
1CBF:   4B040E                                                                                  cut_replace             4, 14
1CC2:   4B050F                                                                                  cut_replace             5, 15
1CC5:   290D                                                                                    cut_chg                 13
1CC7:   02                                                                                      evt_next
1CC8:   06001800                                                                                if                      0, off_1CE4
1CCC:   21010100                                                                                ck                      1, 1, 0
1CD0:   510002000000                                                                            sce_bgm_control         0, 2, 0, 0, 0
1CD6:   6F04                                                                                    movie_on                4
1CD8:   02                                                                                      evt_next
1CD9:   510001000000                                                                            sce_bgm_control         0, 1, 0, 0, 0
1CDF:   00                                                                                      nop
1CE0:   07007000                                                                                else                    0, off_1D50

off_1CE4:
1CE4:   06005400                                                                                if                      0, off_1D3C
1CE8:   21050300                                                                                ck                      5, 3, 0
1CEC:   06000C00                                                                                if                      0, off_1CFC
1CF0:   2104AB00                                                                                ck                      4, 171, 0
1CF4:   6F04                                                                                    movie_on                4
1CF6:   02                                                                                      evt_next
1CF7:   00                                                                                      nop
1CF8:   07004000                                                                                else                    0, off_1D38

off_1CFC:
1CFC:   06002400                                                                                if                      0, off_1D24
1D00:   21050200                                                                                ck                      5, 2, 0
1D04:   510002000000                                                                            sce_bgm_control         0, 2, 0, 0, 0
1D0A:   510102000000                                                                            sce_bgm_control         1, 2, 0, 0, 0
1D10:   6F04                                                                                    movie_on                4
1D12:   02                                                                                      evt_next
1D13:   510001000000                                                                            sce_bgm_control         0, 1, 0, 0, 0
1D19:   510101000000                                                                            sce_bgm_control         1, 1, 0, 0, 0
1D1F:   00                                                                                      nop
1D20:   07001600                                                                                else                    0, off_1D36

off_1D24:
1D24:   510002000000                                                                            sce_bgm_control         0, 2, 0, 0, 0
1D2A:   6F04                                                                                    movie_on                4
1D2C:   02                                                                                      evt_next
1D2D:   510001000000                                                                            sce_bgm_control         0, 1, 0, 0, 0
1D33:   00                                                                                      nop
1D34:   00                                                                                      nop
1D35:   00                                                                                      nop

off_1D36:
1D36:   00                                                                                      nop
1D37:   00                                                                                      nop

off_1D38:
1D38:   07001600                                                                                else                    0, off_1D4E

off_1D3C:
1D3C:   510002000000                                                                            sce_bgm_control         0, 2, 0, 0, 0
1D42:   6F04                                                                                    movie_on                4
1D44:   02                                                                                      evt_next
1D45:   510001000000                                                                            sce_bgm_control         0, 1, 0, 0, 0
1D4B:   00                                                                                      nop
1D4C:   00                                                                                      nop
1D4D:   00                                                                                      nop

off_1D4E:
1D4E:   00                                                                                      nop
1D4F:   00                                                                                      nop

off_1D50:
1D50:   2E0402                                                                                  work_set                WK_OBJECT, 2
1D53:   00                                                                                      nop
1D54:   06001800                                                                                if                      0, off_1D70
1D58:   21010000                                                                                ck                      1, 0, 0
1D5C:   32008CAB31F4619B                                                                        pos_set                 0, -21620, -3023, -25759
1D64:   3300800300B00000                                                                        dir_set                 0, 896, -20480, 0
1D6C:   07001600                                                                                else                    0, off_1D82

off_1D70:
1D70:   3200CBAB09F4C09A                                                                        pos_set                 0, -21557, -3063, -25920
1D78:   330040FF00000000                                                                        dir_set                 0, -192, 0, 0
1D80:   00                                                                                      nop
1D81:   00                                                                                      nop

off_1D82:
1D82:   3C01                                                                                    cut_auto                1
1D84:   22020300                                                                                set                     2, 3, 0
1D88:   22020200                                                                                set                     2, 2, 0
1D8C:   22020700                                                                                set                     2, 7, 0
1D90:   0100                                                                                    evt_end                 0

.proc main_0D
1D92:   2906                                                                                    cut_chg                 6
1D94:   22020701                                                                                set                     2, 7, 1
1D98:   2E0300                                                                                  work_set                WK_ENEMY, 0
1D9B:   00                                                                                      nop
1D9C:   32002CACA0DD0AB3                                                                        pos_set                 0, -21460, -8800, -19702
1DA4:   34170100                                                                                member_set              23, 1, 0
1DA8:   341D9600                                                                                member_set              29, 150, 0
1DAC:   180E                                                                                    gosub                   14
1DAE:   02                                                                                      evt_next
1DAF:   00                                                                                      nop
1DB0:   090A0600                                                                                sleep                   10, 6
1DB4:   360221000000A2AAB0EBDEBC                                                                se_on                   2, 33, 0, -21854, -5200, -17186
1DC0:   8A0005000000                                                                            nop_8a                  0, 5, 0, 0, 0
1DC6:   8BFF04000000                                                                            nop_8b                  255, 4, 0, 0, 0
1DCC:   8C00FA320A000500                                                                        nop_8c                  0, 250, 50, 10, 0, 5, 0
1DD4:   8BFF04000F00                                                                            nop_8b                  255, 4, 0, 15, 0
1DDA:   8C00FA3205001300                                                                        nop_8c                  0, 250, 50, 5, 0, 19, 0
1DE2:   8A0001000F00                                                                            nop_8a                  0, 1, 0, 15, 0
1DE8:   8A0001001200                                                                            nop_8a                  0, 1, 0, 18, 0
1DEE:   8A0001001400                                                                            nop_8a                  0, 1, 0, 20, 0
1DF4:   8A0001001800                                                                            nop_8a                  0, 1, 0, 24, 0
1DFA:   8A0001001C00                                                                            nop_8a                  0, 1, 0, 28, 0
1E00:   8A0001002300                                                                            nop_8a                  0, 1, 0, 35, 0
1E06:   8A0001002D00                                                                            nop_8a                  0, 1, 0, 45, 0
1E0C:   8A0001003700                                                                            nop_8a                  0, 1, 0, 55, 0
1E12:   360308000300000000000000                                                                se_on                   3, 8, 3, 0, 0, 0
1E1E:   180F                                                                                    gosub                   15
1E20:   2E0100                                                                                  work_set                WK_PLAYER, 0
1E23:   00                                                                                      nop
1E24:   4000092008AB37BD                                                                        plc_dest                0, 9, 32, -21752, -17097
1E2C:   58000001                                                                                plc_rot                 0, 256
1E30:   090A0200                                                                                sleep                   10, 2
1E34:   2E0100                                                                                  work_set                WK_PLAYER, 0
1E37:   00                                                                                      nop
1E38:   41050300000000006060                                                                    plc_neck                5, 3, 0, 0, 96, 96
1E42:   4000052008AB37BD                                                                        plc_dest                0, 5, 32, -21752, -17097
1E4A:   090A0300                                                                                sleep                   10, 3
1E4E:   06000A00                                                                                if                      0, off_1E5C
1E52:   21042B00                                                                                ck                      4, 43, 0
1E56:   2902                                                                                    cut_chg                 2
1E58:   07000800                                                                                else                    0, off_1E60

off_1E5C:
1E5C:   290C                                                                                    cut_chg                 12
1E5E:   00                                                                                      nop
1E5F:   00                                                                                      nop

off_1E60:
1E60:   220F0200                                                                                set                     15, 2, 0
1E64:   22190200                                                                                set                     25, 2, 0
1E68:   2E0300                                                                                  work_set                WK_ENEMY, 0
1E6B:   00                                                                                      nop
1E6C:   341D6400                                                                                member_set              29, 100, 0
1E70:   320007AB40ED37BD                                                                        pos_set                 0, -21753, -4800, -17097
1E78:   22011B01                                                                                set                     1, 27, 1
1E7C:   22020701                                                                                set                     2, 7, 1
1E80:   510001000000                                                                            sce_bgm_control         0, 1, 0, 0, 0
1E86:   510101000000                                                                            sce_bgm_control         1, 1, 0, 0, 0
1E8C:   2E0100                                                                                  work_set                WK_PLAYER, 0
1E8F:   3F000F00                                                                                plc_motion              0, 15, 0
1E93:   380101                                                                                  flr_set                 1, 1
1E96:   090A0700                                                                                sleep                   10, 7
1E9A:   2E0100                                                                                  work_set                WK_PLAYER, 0
1E9D:   66                                                                                      plc_stop
1E9E:   36020A010000A2AA0000DEBC                                                                se_on                   2, 266, 0, -21854, 0, -17186
1EAA:   090A0100                                                                                sleep                   10, 1
1EAE:   2E0100                                                                                  work_set                WK_PLAYER, 0
1EB1:   66                                                                                      plc_stop
1EB2:   090A0200                                                                                sleep                   10, 2
1EB6:   3A0011050000002020A7F8DFF2A80004                                                        sce_espr_on             0, 1297, 0, 8192, -22752, -8200, -22286, 1024
1EC6:   090A0100                                                                                sleep                   10, 1
1ECA:   2E0100                                                                                  work_set                WK_PLAYER, 0
1ECD:   00                                                                                      nop
1ECE:   43001000                                                                                plc_flg                 0, 16
1ED2:   090A0200                                                                                sleep                   10, 2
1ED6:   36020A010000A2AA0000DEBC                                                                se_on                   2, 266, 0, -21854, 0, -17186
1EE2:   090A0300                                                                                sleep                   10, 3
1EE6:   3A00120500000010D8B2E0E3AAB40004                                                        sce_espr_on             0, 1298, 0, 4096, -19752, -7200, -19286, 1024
1EF6:   090A0A00                                                                                sleep                   10, 10
1EFA:   3A0011050000003034ACCCDE76C50000                                                        sce_espr_on             0, 1297, 0, 12288, -21452, -8500, -14986, 0
1F0A:   2E0100                                                                                  work_set                WK_PLAYER, 0
1F0D:   00                                                                                      nop
1F0E:   400008207FABE183                                                                        plc_dest                0, 8, 32, -21633, -31775
1F16:   43001000                                                                                plc_flg                 0, 16
1F1A:   090A0F00                                                                                sleep                   10, 15
1F1E:   2E0100                                                                                  work_set                WK_PLAYER, 0
1F21:   00                                                                                      nop
1F22:   4000092008AB37BD                                                                        plc_dest                0, 9, 32, -21752, -17097
1F2A:   58000001                                                                                plc_rot                 0, 256
1F2E:   090A0300                                                                                sleep                   10, 3
1F32:   2E0100                                                                                  work_set                WK_PLAYER, 0
1F35:   3F001100                                                                                plc_motion              0, 17, 0
1F39:   00                                                                                      nop
1F3A:   43001000                                                                                plc_flg                 0, 16
1F3E:   090A1900                                                                                sleep                   10, 25
1F42:   360308000300000000000000                                                                se_on                   3, 8, 3, 0, 0, 0
1F4E:   090A0700                                                                                sleep                   10, 7
1F52:   2E0100                                                                                  work_set                WK_PLAYER, 0
1F55:   00                                                                                      nop
1F56:   400008207FABE183                                                                        plc_dest                0, 8, 32, -21633, -31775
1F5E:   43001000                                                                                plc_flg                 0, 16
1F62:   090A2800                                                                                sleep                   10, 40
1F66:   06000A00                                                                                if                      0, off_1F74
1F6A:   21042B00                                                                                ck                      4, 43, 0
1F6E:   2904                                                                                    cut_chg                 4
1F70:   07000800                                                                                else                    0, off_1F78

off_1F74:
1F74:   290E                                                                                    cut_chg                 14
1F76:   00                                                                                      nop
1F77:   00                                                                                      nop

off_1F78:
1F78:   4B0204                                                                                  cut_replace             2, 4
1F7B:   4B0C0E                                                                                  cut_replace             12, 14
1F7E:   4B0107                                                                                  cut_replace             1, 7
1F81:   22011B00                                                                                set                     1, 27, 0
1F85:   3C01                                                                                    cut_auto                1
1F87:   2E0300                                                                                  work_set                WK_ENEMY, 0
1F8A:   34170100                                                                                member_set              23, 1, 0
1F8E:   2E0100                                                                                  work_set                WK_PLAYER, 0
1F91:   42                                                                                      plc_ret
1F92:   22020700                                                                                set                     2, 7, 0
1F96:   0100                                                                                    evt_end                 0

.proc main_0E
1F98:   3A0013050000001008ABF8DFDAAC0000                                                        sce_espr_on             0, 1299, 0, 4096, -21752, -8200, -21286, 0
1FA8:   3A0011050000002020A7E0E3DAAC0000                                                        sce_espr_on             0, 1297, 0, 8192, -22752, -7200, -21286, 0
1FB8:   3A0011050000001020A7F8DFDAAC0000                                                        sce_espr_on             0, 1297, 0, 4096, -22752, -8200, -21286, 0
1FC8:   3A0012050000004038A3C8E7DAAC0000                                                        sce_espr_on             0, 1298, 0, 16384, -23752, -6200, -21286, 0
1FD8:   3A0012050000002008ABE0E3F2A80000                                                        sce_espr_on             0, 1298, 0, 8192, -21752, -7200, -22286, 0
1FE8:   3A0010050000003008ABF8DF0AA50000                                                        sce_espr_on             0, 1296, 0, 12288, -21752, -8200, -23286, 0
1FF8:   3A0010050000001008ABC8E70AA50000                                                        sce_espr_on             0, 1296, 0, 4096, -21752, -6200, -23286, 0
2008:   3A0013050000002008ABF8DF22A10000                                                        sce_espr_on             0, 1299, 0, 8192, -21752, -8200, -24286, 0
2018:   3A00100500000030F0AE10DCDAAC0000                                                        sce_espr_on             0, 1296, 0, 12288, -20752, -9200, -21286, 0
2028:   3A00110500000020D8B2F8DFDAAC0000                                                        sce_espr_on             0, 1297, 0, 8192, -19752, -8200, -21286, 0
2038:   3A00110500000010D8B2C8E7DAAC0000                                                        sce_espr_on             0, 1297, 0, 4096, -19752, -6200, -21286, 0
2048:   3A00120500000040C0B6E0E3DAAC0000                                                        sce_espr_on             0, 1298, 0, 16384, -18752, -7200, -21286, 0
2058:   3A00110500000030F0AEF8DFC2B00000                                                        sce_espr_on             0, 1297, 0, 12288, -20752, -8200, -20286, 0
2068:   3A00130500000010F0AE10DCAAB40000                                                        sce_espr_on             0, 1299, 0, 4096, -20752, -9200, -19286, 0
2078:   3A00130500000010F0AEE0E3AAB40000                                                        sce_espr_on             0, 1299, 0, 4096, -20752, -7200, -19286, 0
2088:   3A00120500000040F0AE28D892B80000                                                        sce_espr_on             0, 1298, 0, 16384, -20752, -10200, -18286, 0
2098:   3A00110500000010F0AEE0E35EB00000                                                        sce_espr_on             0, 1297, 0, 4096, -20752, -7200, -20386, 0
20A8:   3A0013050000003020A710DCAAB40000                                                        sce_espr_on             0, 1299, 0, 12288, -22752, -9200, -19286, 0
20B8:   3A00130500000010F0AEC8E792B80000                                                        sce_espr_on             0, 1299, 0, 4096, -20752, -6200, -18286, 0
20C8:   3A0012050000004008ABF8DF7ABC0000                                                        sce_espr_on             0, 1298, 0, 16384, -21752, -8200, -17286, 0
20D8:   3A00100500000050F0AE10DC7ABC0000                                                        sce_espr_on             0, 1296, 0, 20480, -20752, -9200, -17286, 0
20E8:   3A0011050000004038A310DC32C80000                                                        sce_espr_on             0, 1297, 0, 16384, -23752, -9200, -14286, 0
20F8:   3A0010050000002008ABF8DFDAAC0000                                                        sce_espr_on             0, 1296, 0, 8192, -21752, -8200, -21286, 0
2108:   3A0011050000001020A7E0E3F2A80004                                                        sce_espr_on             0, 1297, 0, 4096, -22752, -7200, -22286, 1024
2118:   3A0011050000001020A7C8E7F2A80004                                                        sce_espr_on             0, 1297, 0, 4096, -22752, -6200, -22286, 1024
2128:   3A0012050000003038A310DC0AA50008                                                        sce_espr_on             0, 1298, 0, 12288, -23752, -9200, -23286, 2048
2138:   3A0011050000001008ABF8DFC2B00000                                                        sce_espr_on             0, 1297, 0, 4096, -21752, -8200, -20286, 0
2148:   3A0012050000003020A710DCAAB40004                                                        sce_espr_on             0, 1298, 0, 12288, -22752, -9200, -19286, 1024
2158:   3A0012050000001020A7E0E3AAB40004                                                        sce_espr_on             0, 1298, 0, 4096, -22752, -7200, -19286, 1024
2168:   3A0013050000004038A3C0E092B80008                                                        sce_espr_on             0, 1299, 0, 16384, -23752, -8000, -18286, 2048
2178:   3A0012050000001008ABC8E7C2B00000                                                        sce_espr_on             0, 1298, 0, 4096, -21752, -6200, -20286, 0
2188:   3A0012050000002038A310DCAAB40004                                                        sce_espr_on             0, 1298, 0, 8192, -23752, -9200, -19286, 1024
2198:   3A00120500000010E8A7C8E754B60004                                                        sce_espr_on             0, 1298, 0, 4096, -22552, -6200, -18860, 1024
21A8:   3A0013050000003038A3D8DC7ABC0008                                                        sce_espr_on             0, 1299, 0, 12288, -23752, -9000, -17286, 2048
21B8:   3A00130500000010F0AEC4DCDAAC000C                                                        sce_espr_on             0, 1299, 0, 4096, -20752, -9020, -21286, 3072
21C8:   3A00110500000020D8B2F8DFF2A80008                                                        sce_espr_on             0, 1297, 0, 8192, -19752, -8200, -22286, 2048
21D8:   3A00110500000010D8B228D8F2A80008                                                        sce_espr_on             0, 1297, 0, 4096, -19752, -10200, -22286, 2048
21E8:   3A00120500000040C0B610DC0AA50000                                                        sce_espr_on             0, 1298, 0, 16384, -18752, -9200, -23286, 0
21F8:   3A00130500000010F0AE10DCC2B00000                                                        sce_espr_on             0, 1299, 0, 4096, -20752, -9200, -20286, 0
2208:   3A00120500000040D8B2F8DFAAB40004                                                        sce_espr_on             0, 1298, 0, 16384, -19752, -8200, -19286, 1024
2218:   3A00120500000010D8B2E0E3AAB40004                                                        sce_espr_on             0, 1298, 0, 4096, -19752, -7200, -19286, 1024
2228:   3A00110500000020C0B6F8DF92B8000C                                                        sce_espr_on             0, 1297, 0, 8192, -18752, -8200, -18286, 3072
2238:   3A00130500000010F0AE10DCDAAC0000                                                        sce_espr_on             0, 1299, 0, 4096, -20752, -9200, -21286, 0
2248:   3A00120500000030C0B6F8DF92B80004                                                        sce_espr_on             0, 1298, 0, 12288, -18752, -8200, -18286, 1024
2258:   3A00110500000010D8B2E0E37EB30004                                                        sce_espr_on             0, 1297, 0, 4096, -19752, -7200, -19586, 1024
2268:   3A00110500000050C0B6F8DF7ABC000C                                                        sce_espr_on             0, 1297, 0, 20480, -18752, -8200, -17286, 3072
2278:   0100                                                                                    evt_end                 0

.proc main_0F
227A:   3A00130500000040B0A8F8DFC2B00000                                                        sce_espr_on             0, 1299, 0, 16384, -22352, -8200, -20286, 0
228A:   3A00110500000020C8A4B4E2F2A80000                                                        sce_espr_on             0, 1297, 0, 8192, -23352, -7500, -22286, 0
229A:   3A00120500000040C8A410DC0AA50000                                                        sce_espr_on             0, 1298, 0, 16384, -23352, -9200, -23286, 0
22AA:   3A001205000000502CA5E8BEF2A80000                                                        sce_espr_on             0, 1298, 0, 20480, -23252, -16664, -22286, 0
22BA:   3A00100500000030D8B2F8DFF2A80000                                                        sce_espr_on             0, 1296, 0, 12288, -19752, -8200, -22286, 0
22CA:   3A00110500000020A8BA10DC8EA80000                                                        sce_espr_on             0, 1297, 0, 8192, -17752, -9200, -22386, 0
22DA:   3A00110500000010C0B6F8DFAEAB0000                                                        sce_espr_on             0, 1297, 0, 4096, -18752, -8200, -21586, 0
22EA:   3A00120500000040F8B5E0E3E6AA0000                                                        sce_espr_on             0, 1298, 0, 16384, -18952, -7200, -21786, 0
22FA:   3A0012050000004020A710DC0AA50000                                                        sce_espr_on             0, 1298, 0, 16384, -22752, -9200, -23286, 0
230A:   3A0010050000005038A3F8DF22A10000                                                        sce_espr_on             0, 1296, 0, 20480, -23752, -8200, -24286, 0
231A:   3A00100500000030F0AEE0E3FC9A0000                                                        sce_espr_on             0, 1296, 0, 12288, -20752, -7200, -25860, 0
232A:   3A0013050000004060ADE0E3F2A80000                                                        sce_espr_on             0, 1299, 0, 16384, -21152, -7200, -22286, 0
233A:   3A0010050000005008AB10DCE6AA0000                                                        sce_espr_on             0, 1296, 0, 20480, -21752, -9200, -21786, 0
234A:   3A0011050000002038A3F8DFC6A70004                                                        sce_espr_on             0, 1297, 0, 8192, -23752, -8200, -22586, 1024
235A:   3A0011050000002008ABA8E4DAAC0004                                                        sce_espr_on             0, 1297, 0, 8192, -21752, -7000, -21286, 1024
236A:   3A0012050000005038A3F8DF22A10008                                                        sce_espr_on             0, 1298, 0, 20480, -23752, -8200, -24286, 2048
237A:   3A00130500000030D8B2ACE0DAAC000C                                                        sce_espr_on             0, 1299, 0, 12288, -19752, -8020, -21286, 3072
238A:   3A00110500000020A8BA10DCF2A80008                                                        sce_espr_on             0, 1297, 0, 8192, -17752, -9200, -22286, 2048
239A:   3A00110500000050C0B610DCF2A80008                                                        sce_espr_on             0, 1297, 0, 20480, -18752, -9200, -22286, 2048
23AA:   3A00120500000040A8BAE0E30AA50000                                                        sce_espr_on             0, 1298, 0, 16384, -17752, -7200, -23286, 0
23BA:   3A0011050000003008AB10DC7ABC0000                                                        sce_espr_on             0, 1297, 0, 12288, -21752, -9200, -17286, 0
23CA:   3A0013050000003020A75CE092B80000                                                        sce_espr_on             0, 1299, 0, 12288, -22752, -8100, -18286, 0
23DA:   3A00130500000050B8AFF8DF62C00000                                                        sce_espr_on             0, 1299, 0, 20480, -20552, -8200, -16286, 0
23EA:   3A0012050000001048B1E0E392B80000                                                        sce_espr_on             0, 1298, 0, 4096, -20152, -7200, -18286, 0
23FA:   3A0011050000003008AB74DCE6C30000                                                        sce_espr_on             0, 1297, 0, 12288, -21752, -9100, -15386, 0
240A:   3A00130500000050509F48DB7ABC0000                                                        sce_espr_on             0, 1299, 0, 20480, -24752, -9400, -17286, 0
241A:   3A0013050000002008ABCCDE4AC40000                                                        sce_espr_on             0, 1299, 0, 8192, -21752, -8500, -15286, 0
242A:   3A00120500000040F0AE50E232C80000                                                        sce_espr_on             0, 1298, 0, 16384, -20752, -7600, -14286, 0
243A:   3A0010050000005008AB10DCF4C50000                                                        sce_espr_on             0, 1296, 0, 20480, -21752, -9200, -14860, 0
244A:   3A0011050000002020A774DC1ACC0000                                                        sce_espr_on             0, 1297, 0, 8192, -22752, -9100, -13286, 0
245A:   3A00110500000040509F10DCF2C10000                                                        sce_espr_on             0, 1297, 0, 16384, -24752, -9200, -15886, 0
246A:   3A00120500000050E8A7F8DF22BA0004                                                        sce_espr_on             0, 1298, 0, 20480, -22552, -8200, -17886, 1024
247A:   3A00120500000030689B10DC4AC40004                                                        sce_espr_on             0, 1298, 0, 12288, -25752, -9200, -15286, 1024
248A:   3A0013050000002038A3A0DD9EB60008                                                        sce_espr_on             0, 1299, 0, 8192, -23752, -8800, -18786, 2048
249A:   3A0012050000004018A010DCF2C10000                                                        sce_espr_on             0, 1298, 0, 16384, -24552, -9200, -15886, 0
24AA:   3A00120500000050C8A410DC22BA0004                                                        sce_espr_on             0, 1298, 0, 20480, -23352, -9200, -17886, 1024
24BA:   3A00120500000040BCA610DC18C00004                                                        sce_espr_on             0, 1298, 0, 16384, -22852, -9200, -16360, 1024
24CA:   3A0013050000002000A4C0E09EB60008                                                        sce_espr_on             0, 1299, 0, 8192, -23552, -8000, -18786, 2048
24DA:   3A00130500000010F0AEF8DF92B80000                                                        sce_espr_on             0, 1299, 0, 4096, -20752, -8200, -18286, 0
24EA:   3A00120500000040D8B2E4DA4AC40004                                                        sce_espr_on             0, 1298, 0, 16384, -19752, -9500, -15286, 1024
24FA:   3A00120500000050D8B2E0E362C00004                                                        sce_espr_on             0, 1298, 0, 20480, -19752, -7200, -16286, 1024
250A:   3A00110500000020C0B610DC92B8000C                                                        sce_espr_on             0, 1297, 0, 8192, -18752, -9200, -18286, 3072
251A:   3A00130500000010F0AE10DC7ABC0000                                                        sce_espr_on             0, 1299, 0, 4096, -20752, -9200, -17286, 0
252A:   3A00120500000030C0B6F8DF92B80004                                                        sce_espr_on             0, 1298, 0, 12288, -18752, -8200, -18286, 1024
253A:   3A00110500000020D8B210DC36BF0004                                                        sce_espr_on             0, 1297, 0, 8192, -19752, -9200, -16586, 1024
254A:   3A00110500000050C0B610DC7ABC000C                                                        sce_espr_on             0, 1297, 0, 20480, -18752, -9200, -17286, 3072
255A:   3A0010050000003008AB58D00AA50000                                                        sce_espr_on             0, 1296, 0, 12288, -21752, -12200, -23286, 0
256A:   3A00120500000030C0B6A0C4DAAC0000                                                        sce_espr_on             0, 1298, 0, 12288, -18752, -15200, -21286, 0
257A:   0100                                                                                    evt_end                 0
