.version 2

.init
.proc init
09EA:   3B000131000000000000010001002DE6000074F1E0F7011A0300160400000000                        door_aot_se             ID_AOT_0, SCE_DOOR, SAT_PL | SAT_MANUAL | SAT_FRONT, 0, 0, 0, 0, 1, 1, -6611, 0, -3724, -2080, 1, 26, 3, 0, 22, 4, 0, 0, UNLOCKED, 0
0A0A:   3B01013100003FDC3D14800C08075ABE000071BB07FC020B00000E0400000000                        door_aot_se             ID_AOT_1, SCE_DOOR, SAT_PL | SAT_MANUAL | SAT_FRONT, 0, 0, -9153, 5181, 3200, 1800, -16806, 0, -17551, -1017, 2, 11, 0, 0, 14, 4, 0, 0, UNLOCKED, 0
0A2A:   0100                                                                                    evt_end                 0

.main
.proc main
0A36:   2D0000820407000000000A001A0098BD4CFFB0B9000000040000000000000000000000000000            obj_model_set           ID_OBJ_0, 0, 130, 4, 7, 0, 0, 10, 26, -17000, -180, -18000, 0, 1024, 0, 0, 0, 0, 0, 0, 0, 0, 0
0A5C:   2D0100820407000000000A001A00D0BC4CFFB8C0000000040000000000000000000000000000            obj_model_set           ID_OBJ_1, 0, 130, 4, 7, 0, 0, 10, 26, -17200, -180, -16200, 0, 1024, 0, 0, 0, 0, 0, 0, 0, 0, 0
0A82:   2D0200820407000000000A001A0090E84CFF201C000000000000000000000000000000000000            obj_model_set           ID_OBJ_2, 0, 130, 4, 7, 0, 0, 10, 26, -6000, -180, 7200, 0, 0, 0, 0, 0, 0, 0, 0, 0, 0, 0
0AA8:   2C02074F000090AFAAAF5046BA724CFF00000000                                                aot_set                 ID_AOT_2, SCE_WATER, SAT_PL | SAT_EM | SAT_SPL | SAT_OB | SAT_UNDER, 0, 0, -20592, -20566, 18000, 29370, 76, 255, 0, 0, 0, 0
0ABC:   2C030531000083D901BA08070807FF0018040000                                                aot_set                 ID_AOT_3, SCE_EVENT, SAT_PL | SAT_MANUAL | SAT_FRONT, 0, 0, -9853, -17919, 1800, 1800, 255, 0, I_GOSUB, main_04, 0, 0
0AD0:   06003400                                                                                if                      0, off_0B08
0AD4:   21010600                                                                                ck                      FG_STATUS, F_BONUS, 0
0AD8:   4400002509000010006A78C7F8F801CD110400000000                                            sce_em_set              0, ID_EM_0, ENEMY_SPIDER, 9, AI_DEFAULT, 0, SBK_16, 0, 106, -14472, -1800, -13055, 1041, 0, 0
0AEE:   4400012500000010009123D30000B90F000800000000                                            sce_em_set              0, ID_EM_1, ENEMY_SPIDER, 0, AI_DEFAULT, 0, SBK_16, 0, 145, -11485, 0, 4025, 2048, 0, 0
0B04:   07003200                                                                                else                    0, off_0B36

off_0B08:
0B08:   44000025000000100058A9DB000029BE000800000000                                            sce_em_set              0, ID_EM_0, ENEMY_SPIDER, 0, AI_DEFAULT, 0, SBK_16, 0, 88, -9303, 0, -16855, 2048, 0, 0
0B1E:   4400012500000010005957C20000A1E1F80B00000000                                            sce_em_set              0, ID_EM_1, ENEMY_SPIDER, 0, AI_DEFAULT, 0, SBK_16, 0, 89, -15785, 0, -7775, 3064, 0, 0
0B34:   00                                                                                      nop
0B35:   00                                                                                      nop

off_0B36:
0B36:   06001A00                                                                                if                      0, off_0B54
0B3A:   23001A000000                                                                            cmp                     0, V_CUT, CMP_EQ, 0
0B40:   2E0401                                                                                  work_set                WK_OBJECT, ID_OBJ_1
0B43:   00                                                                                      nop
0B44:   340C0083                                                                                member_set              M_Y_POS, -32000
0B48:   2E0402                                                                                  work_set                WK_OBJECT, ID_OBJ_2
0B4B:   00                                                                                      nop
0B4C:   340C0083                                                                                member_set              M_Y_POS, -32000
0B50:   07001600                                                                                else                    0, off_0B66

off_0B54:
0B54:   2E0400                                                                                  work_set                WK_OBJECT, ID_OBJ_0
0B57:   00                                                                                      nop
0B58:   340C0083                                                                                member_set              M_Y_POS, -32000
0B5C:   2E0401                                                                                  work_set                WK_OBJECT, ID_OBJ_1
0B5F:   00                                                                                      nop
0B60:   340C0083                                                                                member_set              M_Y_POS, -32000
0B64:   00                                                                                      nop
0B65:   00                                                                                      nop

off_0B66:
0B66:   510000015A40                                                                            sce_bgm_control         BGM_CHANNEL_MAIN, BGM_OP_NOP, BGM_TYPE_PROG0_VOL, 90, 64
0B6C:   0100                                                                                    evt_end                 0

.proc aot
0B6E:   1802                                                                                    gosub                   main_02
0B70:   1803                                                                                    gosub                   main_03
0B72:   0100                                                                                    evt_end                 0

.proc main_02
0B74:   131A9600                                                                                switch                  26, off_0C0E
0B78:   14001A000000                                                                            case                    0, off_0B98, 0
0B7E:   2E0400                                                                                  work_set                WK_OBJECT, ID_OBJ_0
0B81:   00                                                                                      nop
0B82:   340C4CFF                                                                                member_set              M_Y_POS, -180
0B86:   2E0401                                                                                  work_set                WK_OBJECT, ID_OBJ_1
0B89:   00                                                                                      nop
0B8A:   340C0083                                                                                member_set              M_Y_POS, -32000
0B8E:   2E0402                                                                                  work_set                WK_OBJECT, ID_OBJ_2
0B91:   00                                                                                      nop
0B92:   340C0083                                                                                member_set              M_Y_POS, -32000
0B96:   1A00                                                                                    break                   0

off_0B98:
0B98:   14001E000100                                                                            case                    0, off_0BBC, 1
0B9E:   2E0400                                                                                  work_set                WK_OBJECT, ID_OBJ_0
0BA1:   00                                                                                      nop
0BA2:   340C0083                                                                                member_set              M_Y_POS, -32000
0BA6:   2E0401                                                                                  work_set                WK_OBJECT, ID_OBJ_1
0BA9:   00                                                                                      nop
0BAA:   340C4CFF                                                                                member_set              M_Y_POS, -180
0BAE:   340D78BA                                                                                member_set              M_Z_POS, -17800
0BB2:   2E0402                                                                                  work_set                WK_OBJECT, ID_OBJ_2
0BB5:   00                                                                                      nop
0BB6:   340C0083                                                                                member_set              M_Y_POS, -32000
0BBA:   1A00                                                                                    break                   0

off_0BBC:
0BBC:   140000000200                                                                            case                    0, off_0BC2, 2

off_0BC2:
0BC2:   14001E000500                                                                            case                    0, off_0BE6, 5
0BC8:   2E0400                                                                                  work_set                WK_OBJECT, ID_OBJ_0
0BCB:   00                                                                                      nop
0BCC:   340C0083                                                                                member_set              M_Y_POS, -32000
0BD0:   2E0401                                                                                  work_set                WK_OBJECT, ID_OBJ_1
0BD3:   00                                                                                      nop
0BD4:   340C4CFF                                                                                member_set              M_Y_POS, -180
0BD8:   340DB8C0                                                                                member_set              M_Z_POS, -16200
0BDC:   2E0402                                                                                  work_set                WK_OBJECT, ID_OBJ_2
0BDF:   00                                                                                      nop
0BE0:   340C0083                                                                                member_set              M_Y_POS, -32000
0BE4:   1A00                                                                                    break                   0

off_0BE6:
0BE6:   140000000300                                                                            case                    0, off_0BEC, 3

off_0BEC:
0BEC:   14001A000400                                                                            case                    0, off_0C0C, 4
0BF2:   2E0400                                                                                  work_set                WK_OBJECT, ID_OBJ_0
0BF5:   00                                                                                      nop
0BF6:   340C0083                                                                                member_set              M_Y_POS, -32000
0BFA:   2E0401                                                                                  work_set                WK_OBJECT, ID_OBJ_1
0BFD:   00                                                                                      nop
0BFE:   340C0083                                                                                member_set              M_Y_POS, -32000
0C02:   2E0402                                                                                  work_set                WK_OBJECT, ID_OBJ_2
0C05:   00                                                                                      nop
0C06:   340C4CFF                                                                                member_set              M_Y_POS, -180
0C0A:   1A00                                                                                    break                   0

off_0C0C:
0C0C:   1600                                                                                    eswitch                 0

off_0C0E:
0C0E:   0100                                                                                    evt_end                 0

.proc main_03
0C10:   131A5600                                                                                switch                  26, off_0C6A
0C14:   140008000000                                                                            case                    0, off_0C22, 0
0C1A:   510000015A40                                                                            sce_bgm_control         BGM_CHANNEL_MAIN, BGM_OP_NOP, BGM_TYPE_PROG0_VOL, 90, 64
0C20:   1A00                                                                                    break                   0

off_0C22:
0C22:   140008000100                                                                            case                    0, off_0C30, 1
0C28:   510000015A40                                                                            sce_bgm_control         BGM_CHANNEL_MAIN, BGM_OP_NOP, BGM_TYPE_PROG0_VOL, 90, 64
0C2E:   1A00                                                                                    break                   0

off_0C30:
0C30:   140008000200                                                                            case                    0, off_0C3E, 2
0C36:   510000015A40                                                                            sce_bgm_control         BGM_CHANNEL_MAIN, BGM_OP_NOP, BGM_TYPE_PROG0_VOL, 90, 64
0C3C:   1A00                                                                                    break                   0

off_0C3E:
0C3E:   140008000300                                                                            case                    0, off_0C4C, 3
0C44:   510000015A40                                                                            sce_bgm_control         BGM_CHANNEL_MAIN, BGM_OP_NOP, BGM_TYPE_PROG0_VOL, 90, 64
0C4A:   1A00                                                                                    break                   0

off_0C4C:
0C4C:   140008000400                                                                            case                    0, off_0C5A, 4
0C52:   510000015A40                                                                            sce_bgm_control         BGM_CHANNEL_MAIN, BGM_OP_NOP, BGM_TYPE_PROG0_VOL, 90, 64
0C58:   1A00                                                                                    break                   0

off_0C5A:
0C5A:   140008000500                                                                            case                    0, off_0C68, 5
0C60:   510000015A40                                                                            sce_bgm_control         BGM_CHANNEL_MAIN, BGM_OP_NOP, BGM_TYPE_PROG0_VOL, 90, 64
0C66:   1A00                                                                                    break                   0

off_0C68:
0C68:   1600                                                                                    eswitch                 0

off_0C6A:
0C6A:   0100                                                                                    evt_end                 0

.proc main_04
0C6C:   2B000000FFFF                                                                            message_on              0, ID_MSG_0, 0, 255, 255
0C72:   02                                                                                      evt_next
0C73:   00                                                                                      nop
0C74:   06000800                                                                                if                      0, off_0C80
0C78:   210B1F00                                                                                ck                      FG_MESSAGE, F_QUESTION, 0
0C7C:   4700                                                                                    aot_on                  ID_AOT_0
0C7E:   08                                                                                      endif
0C7F:   00                                                                                      nop

off_0C80:
0C80:   0100                                                                                    evt_end                 0
0C82:   2000                                                                                    db                      0x20, 0x00
